Component: ARM Compiler 5.06 update 2 (build 183) Tool: armlink [4d35b7]

==============================================================================

Section Cross References

    system_stm32f10x.o(i.SetSysClock) refers to system_stm32f10x.o(i.SetSysClockTo72) for SetSysClockTo72
    system_stm32f10x.o(i.SystemCoreClockUpdate) refers to system_stm32f10x.o(.data) for SystemCoreClock
    system_stm32f10x.o(i.SystemInit) refers to system_stm32f10x.o(i.SetSysClock) for SetSysClock
    startup_stm32f10x_md.o(STACK) refers (Special) to heapauxi.o(.text) for __use_two_region_memory
    startup_stm32f10x_md.o(HEAP) refers (Special) to heapauxi.o(.text) for __use_two_region_memory
    startup_stm32f10x_md.o(RESET) refers (Special) to heapauxi.o(.text) for __use_two_region_memory
    startup_stm32f10x_md.o(RESET) refers to startup_stm32f10x_md.o(STACK) for __initial_sp
    startup_stm32f10x_md.o(RESET) refers to startup_stm32f10x_md.o(.text) for Reset_Handler
    startup_stm32f10x_md.o(RESET) refers to stm32f10x_it.o(i.NMI_Handler) for NMI_Handler
    startup_stm32f10x_md.o(RESET) refers to stm32f10x_it.o(i.HardFault_Handler) for HardFault_Handler
    startup_stm32f10x_md.o(RESET) refers to stm32f10x_it.o(i.MemManage_Handler) for MemManage_Handler
    startup_stm32f10x_md.o(RESET) refers to stm32f10x_it.o(i.BusFault_Handler) for BusFault_Handler
    startup_stm32f10x_md.o(RESET) refers to stm32f10x_it.o(i.UsageFault_Handler) for UsageFault_Handler
    startup_stm32f10x_md.o(RESET) refers to stm32f10x_it.o(i.SVC_Handler) for SVC_Handler
    startup_stm32f10x_md.o(RESET) refers to stm32f10x_it.o(i.DebugMon_Handler) for DebugMon_Handler
    startup_stm32f10x_md.o(RESET) refers to stm32f10x_it.o(i.PendSV_Handler) for PendSV_Handler
    startup_stm32f10x_md.o(RESET) refers to ir.o(i.TIM1_CC_IRQHandler) for TIM1_CC_IRQHandler
    startup_stm32f10x_md.o(RESET) refers to beep.o(i.TIM2_IRQHandler) for TIM2_IRQHandler
    startup_stm32f10x_md.o(RESET) refers to rrs.o(i.TIM3_IRQHandler) for TIM3_IRQHandler
    startup_stm32f10x_md.o(RESET) refers to usart.o(i.USART1_IRQHandler) for USART1_IRQHandler
    startup_stm32f10x_md.o(.text) refers (Special) to heapauxi.o(.text) for __use_two_region_memory
    startup_stm32f10x_md.o(.text) refers to system_stm32f10x.o(i.SystemInit) for SystemInit
    startup_stm32f10x_md.o(.text) refers to __main.o(!!!main) for __main
    startup_stm32f10x_md.o(.text) refers to startup_stm32f10x_md.o(HEAP) for Heap_Mem
    startup_stm32f10x_md.o(.text) refers to startup_stm32f10x_md.o(STACK) for Stack_Mem
    stm32f10x_adc.o(i.ADC_DeInit) refers to stm32f10x_rcc.o(i.RCC_APB2PeriphResetCmd) for RCC_APB2PeriphResetCmd
    stm32f10x_bkp.o(i.BKP_DeInit) refers to stm32f10x_rcc.o(i.RCC_BackupResetCmd) for RCC_BackupResetCmd
    stm32f10x_can.o(i.CAN_DeInit) refers to stm32f10x_rcc.o(i.RCC_APB1PeriphResetCmd) for RCC_APB1PeriphResetCmd
    stm32f10x_can.o(i.CAN_GetITStatus) refers to stm32f10x_can.o(i.CheckITStatus) for CheckITStatus
    stm32f10x_cec.o(i.CEC_DeInit) refers to stm32f10x_rcc.o(i.RCC_APB1PeriphResetCmd) for RCC_APB1PeriphResetCmd
    stm32f10x_dac.o(i.DAC_DeInit) refers to stm32f10x_rcc.o(i.RCC_APB1PeriphResetCmd) for RCC_APB1PeriphResetCmd
    stm32f10x_flash.o(i.FLASH_EnableWriteProtection) refers to stm32f10x_flash.o(i.FLASH_WaitForLastOperation) for FLASH_WaitForLastOperation
    stm32f10x_flash.o(i.FLASH_EraseAllBank1Pages) refers to stm32f10x_flash.o(i.FLASH_WaitForLastBank1Operation) for FLASH_WaitForLastBank1Operation
    stm32f10x_flash.o(i.FLASH_EraseAllPages) refers to stm32f10x_flash.o(i.FLASH_WaitForLastOperation) for FLASH_WaitForLastOperation
    stm32f10x_flash.o(i.FLASH_EraseOptionBytes) refers to stm32f10x_flash.o(i.FLASH_GetReadOutProtectionStatus) for FLASH_GetReadOutProtectionStatus
    stm32f10x_flash.o(i.FLASH_EraseOptionBytes) refers to stm32f10x_flash.o(i.FLASH_WaitForLastOperation) for FLASH_WaitForLastOperation
    stm32f10x_flash.o(i.FLASH_ErasePage) refers to stm32f10x_flash.o(i.FLASH_WaitForLastOperation) for FLASH_WaitForLastOperation
    stm32f10x_flash.o(i.FLASH_ProgramHalfWord) refers to stm32f10x_flash.o(i.FLASH_WaitForLastOperation) for FLASH_WaitForLastOperation
    stm32f10x_flash.o(i.FLASH_ProgramOptionByteData) refers to stm32f10x_flash.o(i.FLASH_WaitForLastOperation) for FLASH_WaitForLastOperation
    stm32f10x_flash.o(i.FLASH_ProgramWord) refers to stm32f10x_flash.o(i.FLASH_WaitForLastOperation) for FLASH_WaitForLastOperation
    stm32f10x_flash.o(i.FLASH_ReadOutProtection) refers to stm32f10x_flash.o(i.FLASH_WaitForLastOperation) for FLASH_WaitForLastOperation
    stm32f10x_flash.o(i.FLASH_UserOptionByteConfig) refers to stm32f10x_flash.o(i.FLASH_WaitForLastOperation) for FLASH_WaitForLastOperation
    stm32f10x_flash.o(i.FLASH_WaitForLastBank1Operation) refers to stm32f10x_flash.o(i.FLASH_GetBank1Status) for FLASH_GetBank1Status
[...]
    ../clib/signal.c                         0x00000000   Number         0  defsig_rtmem_outer.o ABSOLUTE
    ../clib/signal.c                         0x00000000   Number         0  defsig_rtmem_formal.o ABSOLUTE
    ../clib/signal.c                         0x00000000   Number         0  defsig_segv_inner.o ABSOLUTE
    ../clib/signal.c                         0x00000000   Number         0  defsig_other.o ABSOLUTE
    ../clib/signal.c                         0x00000000   Number         0  defsig_cppl_inner.o ABSOLUTE
    ../clib/signal.c                         0x00000000   Number         0  defsig_pvfn_inner.o ABSOLUTE
    ../clib/signal.c                         0x00000000   Number         0  defsig_stak_inner.o ABSOLUTE
    ../clib/signal.c                         0x00000000   Number         0  defsig_rtred_inner.o ABSOLUTE
    ../clib/signal.c                         0x00000000   Number         0  defsig_fpe_inner.o ABSOLUTE
    ../clib/signal.c                         0x00000000   Number         0  defsig_abrt_inner.o ABSOLUTE
    ../clib/signal.c                         0x00000000   Number         0  defsig_general.o ABSOLUTE
    ../clib/signal.s                         0x00000000   Number         0  defsig.o ABSOLUTE
    ../clib/stdlib.c                         0x00000000   Number         0  exit.o ABSOLUTE
    ../fplib/fpinit.s                        0x00000000   Number         0  fpinit.o ABSOLUTE
    CMSIS\\core_cm3.c                        0x00000000   Number         0  core_cm3.o ABSOLUTE
    CMSIS\core_cm3.c                         0x00000000   Number         0  core_cm3.o ABSOLUTE
    CMSIS\system_stm32f10x.c                 0x00000000   Number         0  system_stm32f10x.o ABSOLUTE
    DRIVER\src\at24cxx.c                     0x00000000   Number         0  at24cxx.o ABSOLUTE
    DRIVER\src\beep.c                        0x00000000   Number         0  beep.o ABSOLUTE
    DRIVER\src\bsp.c                         0x00000000   Number         0  bsp.o ABSOLUTE
    DRIVER\src\clock.c                       0x00000000   Number         0  clock.o ABSOLUTE
    DRIVER\src\delay.c                       0x00000000   Number         0  delay.o ABSOLUTE
    DRIVER\src\dht11.c                       0x00000000   Number         0  dht11.o ABSOLUTE
    DRIVER\src\i2c.c                         0x00000000   Number         0  i2c.o ABSOLUTE
    DRIVER\src\ir.c                          0x00000000   Number         0  ir.o ABSOLUTE
    DRIVER\src\led.c                         0x00000000   Number         0  led.o ABSOLUTE
    DRIVER\src\ntc.c                         0x00000000   Number         0  ntc.o ABSOLUTE
    DRIVER\src\rrs.c                         0x00000000   Number         0  rrs.o ABSOLUTE
    DRIVER\src\sensor.c                      0x00000000   Number         0  sensor.o ABSOLUTE
    DRIVER\src\spi.c                         0x00000000   Number         0  spi.o ABSOLUTE
    DRIVER\src\spi2.c                        0x00000000   Number         0  spi2.o ABSOLUTE
    DRIVER\src\tim.c                         0x00000000   Number         0  tim.o ABSOLUTE
    DRIVER\src\usart.c                       0x00000000   Number         0  usart.o ABSOLUTE
    DRIVER\src\w25qxx.c                      0x00000000   Number         0  w25qxx.o ABSOLUTE
    ESP8266\src\esp8266.c                    0x00000000   Number         0  esp8266.o ABSOLUTE
    FWLIB\src\misc.c                         0x00000000   Number         0  misc.o ABSOLUTE
    FWLIB\src\stm32f10x_adc.c                0x00000000   Number         0  stm32f10x_adc.o ABSOLUTE
    FWLIB\src\stm32f10x_bkp.c                0x00000000   Number         0  stm32f10x_bkp.o ABSOLUTE
    FWLIB\src\stm32f10x_can.c                0x00000000   Number         0  stm32f10x_can.o ABSOLUTE
    FWLIB\src\stm32f10x_cec.c                0x00000000   Number         0  stm32f10x_cec.o ABSOLUTE
    FWLIB\src\stm32f10x_crc.c                0x00000000   Number         0  stm32f10x_crc.o ABSOLUTE
    FWLIB\src\stm32f10x_dac.c                0x00000000   Number         0  stm32f10x_dac.o ABSOLUTE
    FWLIB\src\stm32f10x_dbgmcu.c             0x00000000   Number         0  stm32f10x_dbgmcu.o ABSOLUTE
    FWLIB\src\stm32f10x_dma.c                0x00000000   Number         0  stm32f10x_dma.o ABSOLUTE
    FWLIB\src\stm32f10x_exti.c               0x00000000   Number         0  stm32f10x_exti.o ABSOLUTE
    FWLIB\src\stm32f10x_flash.c              0x00000000   Number         0  stm32f10x_flash.o ABSOLUTE
    FWLIB\src\stm32f10x_fsmc.c               0x00000000   Number         0  stm32f10x_fsmc.o ABSOLUTE
    FWLIB\src\stm32f10x_gpio.c               0x00000000   Number         0  stm32f10x_gpio.o ABSOLUTE
    FWLIB\src\stm32f10x_i2c.c                0x00000000   Number         0  stm32f10x_i2c.o ABSOLUTE
    FWLIB\src\stm32f10x_iwdg.c               0x00000000   Number         0  stm32f10x_iwdg.o ABSOLUTE
    FWLIB\src\stm32f10x_pwr.c                0x00000000   Number         0  stm32f10x_pwr.o ABSOLUTE
    FWLIB\src\stm32f10x_rcc.c                0x00000000   Number         0  stm32f10x_rcc.o ABSOLUTE
    FWLIB\src\stm32f10x_rtc.c                0x00000000   Number         0  stm32f10x_rtc.o ABSOLUTE
    FWLIB\src\stm32f10x_sdio.c               0x00000000   Number         0  stm32f10x_sdio.o ABSOLUTE
    FWLIB\src\stm32f10x_spi.c                0x00000000   Number         0  stm32f10x_spi.o ABSOLUTE
    FWLIB\src\stm32f10x_tim.c                0x00000000   Number         0  stm32f10x_tim.o ABSOLUTE
    FWLIB\src\stm32f10x_usart.c              0x00000000   Number         0  stm32f10x_usart.o ABSOLUTE
    FWLIB\src\stm32f10x_wwdg.c               0x00000000   Number         0  stm32f10x_wwdg.o ABSOLUTE
    OLED\src\slcd.c                          0x00000000   Number         0  slcd.o ABSOLUTE
    STARTUP\startup_stm32f10x_md.s           0x00000000   Number         0  startup_stm32f10x_md.o ABSOLUTE
    UI\src\menu.c                            0x00000000   Number         0  menu.o ABSOLUTE
    UI\src\ui.c                              0x00000000   Number         0  ui.o ABSOLUTE
    USER\src\main.c                          0x00000000   Number         0  main.o ABSOLUTE
    USER\src\stm32f10x_it.c                  0x00000000   Number         0  stm32f10x_it.o ABSOLUTE
    dc.s                                     0x00000000   Number         0  dc.o ABSOLUTE
    RESET                                    0x08000000   Section      236  startup_stm32f10x_md.o(RESET)
    !!!main                                  0x080000ec   Section        8  __main.o(!!!main)
    !!!scatter                               0x080000f4   Section       52  __scatter.o(!!!scatter)
    !!dclz77c                                0x08000128   Section      100  __dclz77c.o(!!dclz77c)
    !!handler_zi                             0x0800018c   Section       28  __scatter_zi.o(!!handler_zi)
    .ARM.Collect$$_printf_percent$$00000000  0x080001a8   Section        0  _printf_percent.o(.ARM.Collect$$_printf_percent$$00000000)
    .ARM.Collect$$_printf_percent$$00000009  0x080001a8   Section        6  _printf_d.o(.ARM.Collect$$_printf_percent$$00000009)
    .ARM.Collect$$_printf_percent$$0000000C  0x080001ae   Section        6  _printf_x.o(.ARM.Collect$$_printf_percent$$0000000C)
    .ARM.Collect$$_printf_percent$$00000017  0x080001b4   Section        4  _printf_percent_end.o(.ARM.Collect$$_printf_percent$$00000017)
    .ARM.Collect$$libinit$$00000000          0x080001b8   Section        2  libinit.o(.ARM.Collect$$libinit$$00000000)
    .ARM.Collect$$libinit$$00000002          0x080001ba   Section        0  libinit2.o(.ARM.Collect$$libinit$$00000002)
    .ARM.Collect$$libinit$$00000004          0x080001ba   Section        0  libinit2.o(.ARM.Collect$$libinit$$00000004)
    .ARM.Collect$$libinit$$0000000A          0x080001ba   Section        0  libinit2.o(.ARM.Collect$$libinit$$0000000A)
    .ARM.Collect$$libinit$$0000000C          0x080001ba   Section        0  libinit2.o(.ARM.Collect$$libinit$$0000000C)
    .ARM.Collect$$libinit$$0000000E          0x080001ba   Section        0  libinit2.o(.ARM.Collect$$libinit$$0000000E)
    .ARM.Collect$$libinit$$00000011          0x080001ba   Section        0  libinit2.o(.ARM.Collect$$libinit$$00000011)
    .ARM.Collect$$libinit$$00000013          0x080001ba   Section        0  libinit2.o(.ARM.Collect$$libinit$$00000013)
    .ARM.Collect$$libinit$$00000015          0x080001ba   Section        0  libinit2.o(.ARM.Collect$$libinit$$00000015)
    .ARM.Collect$$libinit$$00000017          0x080001ba   Section        0  libinit2.o(.ARM.Collect$$libinit$$00000017)
    .ARM.Collect$$libinit$$00000019          0x080001ba   Section        0  libinit2.o(.ARM.Collect$$libinit$$00000019)
    .ARM.Collect$$libinit$$0000001B          0x080001ba   Section        0  libinit2.o(.ARM.Collect$$libinit$$0000001B)
    .ARM.Collect$$libinit$$0000001D          0x080001ba   Section        0  libinit2.o(.ARM.Collect$$libinit$$0000001D)
    .ARM.Collect$$libinit$$0000001F          0x080001ba   Section        0  libinit2.o(.ARM.Collect$$libinit$$0000001F)
    .ARM.Collect$$libinit$$00000021          0x080001ba   Section        0  libinit2.o(.ARM.Collect$$libinit$$00000021)
    .ARM.Collect$$libinit$$00000023          0x080001ba   Section        0  libinit2.o(.ARM.Collect$$libinit$$00000023)
    .ARM.Collect$$libinit$$00000025          0x080001ba   Section        0  libinit2.o(.ARM.Collect$$libinit$$00000025)
    .ARM.Collect$$libinit$$0000002C          0x080001ba   Section        0  libinit2.o(.ARM.Collect$$libinit$$0000002C)
    .ARM.Collect$$libinit$$0000002E          0x080001ba   Section        0  libinit2.o(.ARM.Collect$$libinit$$0000002E)
    .ARM.Collect$$libinit$$00000030          0x080001ba   Section        0  libinit2.o(.ARM.Collect$$libinit$$00000030)
    .ARM.Collect$$libinit$$00000032          0x080001ba   Section        0  libinit2.o(.ARM.Collect$$libinit$$00000032)
    .ARM.Collect$$libinit$$00000033          0x080001ba   Section        2  libinit2.o(.ARM.Collect$$libinit$$00000033)
    .ARM.Collect$$libshutdown$$00000000      0x080001bc   Section        2  libshutdown.o(.ARM.Collect$$libshutdown$$00000000)
    .ARM.Collect$$libshutdown$$00000002      0x080001be   Section        0  libshutdown2.o(.ARM.Collect$$libshutdown$$00000002)
    .ARM.Collect$$libshutdown$$00000004      0x080001be   Section        0  libshutdown2.o(.ARM.Collect$$libshutdown$$00000004)
    .ARM.Collect$$libshutdown$$00000007      0x080001be   Section        0  libshutdown2.o(.ARM.Collect$$libshutdown$$00000007)
    .ARM.Collect$$libshutdown$$0000000A      0x080001be   Section        0  libshutdown2.o(.ARM.Collect$$libshutdown$$0000000A)
    .ARM.Collect$$libshutdown$$0000000C      0x080001be   Section        0  libshutdown2.o(.ARM.Collect$$libshutdown$$0000000C)
    .ARM.Collect$$libshutdown$$0000000F      0x080001be   Section        0  libshutdown2.o(.ARM.Collect$$libshutdown$$0000000F)
    .ARM.Collect$$libshutdown$$00000010      0x080001be   Section        2  libshutdown2.o(.ARM.Collect$$libshutdown$$00000010)
    .ARM.Collect$$rtentry$$00000000          0x080001c0   Section        0  __rtentry.o(.ARM.Collect$$rtentry$$00000000)
    .ARM.Collect$$rtentry$$00000002          0x080001c0   Section        0  __rtentry2.o(.ARM.Collect$$rtentry$$00000002)
    .ARM.Collect$$rtentry$$00000004          0x080001c0   Section        6  __rtentry4.o(.ARM.Collect$$rtentry$$00000004)
    .ARM.Collect$$rtentry$$00000009          0x080001c6   Section        0  __rtentry2.o(.ARM.Collect$$rtentry$$00000009)
    .ARM.Collect$$rtentry$$0000000A          0x080001c6   Section        4  __rtentry2.o(.ARM.Collect$$rtentry$$0000000A)
    .ARM.Collect$$rtentry$$0000000C          0x080001ca   Section        0  __rtentry2.o(.ARM.Collect$$rtentry$$0000000C)
    .ARM.Collect$$rtentry$$0000000D          0x080001ca   Section        8  __rtentry2.o(.ARM.Collect$$rtentry$$0000000D)
    .ARM.Collect$$rtexit$$00000000           0x080001d2   Section        2  rtexit.o(.ARM.Collect$$rtexit$$00000000)
    .ARM.Collect$$rtexit$$00000002           0x080001d4   Section        0  rtexit2.o(.ARM.Collect$$rtexit$$00000002)
    .ARM.Collect$$rtexit$$00000003           0x080001d4   Section        4  rtexit2.o(.ARM.Collect$$rtexit$$00000003)
    .ARM.Collect$$rtexit$$00000004           0x080001d8   Section        6  rtexit2.o(.ARM.Collect$$rtexit$$00000004)
    .text                                    0x080001e0   Section       64  startup_stm32f10x_md.o(.text)
    .text                                    0x08000220   Section        0  noretval__2snprintf.o(.text)
    .text                                    0x08000254   Section        0  _printf_pad.o(.text)
    .text                                    0x080002a4   Section        0  _printf_dec.o(.text)
    .text                                    0x0800031c   Section        0  _printf_hex_int.o(.text)
    .text                                    0x08000374   Section        0  __printf_flags_wp.o(.text)
    .text                                    0x080004ac   Section       78  rt_memclr_w.o(.text)
    .text                                    0x080004fa   Section        0  heapauxi.o(.text)
    .text                                    0x08000500   Section        0  _printf_intcommon.o(.text)
    .text                                    0x080005b4   Section        0  _printf_char_common.o(.text)
    _printf_input_char                       0x080005b5   Thumb Code    10  _printf_char_common.o(.text)
    .text                                    0x080005e4   Section        0  _sputc.o(.text)
    .text                                    0x080005ee   Section        0  _snputc.o(.text)
    .text                                    0x080005fe   Section       74  sys_stackheap_outer.o(.text)
    .text                                    0x08000648   Section        0  exit.o(.text)
    .text                                    0x0800065c   Section        8  libspace.o(.text)
    .text                                    0x08000664   Section        0  sys_exit.o(.text)
    .text                                    0x08000670   Section        2  use_no_semi.o(.text)
    .text                                    0x08000672   Section        0  indicate_semi.o(.text)
    i.ADC_Cmd                                0x08000672   Section        0  stm32f10x_adc.o(i.ADC_Cmd)
    i.ADC_DMACmd                             0x08000688   Section        0  stm32f10x_adc.o(i.ADC_DMACmd)
    i.ADC_DMA_Init                           0x080006a0   Section        0  bsp.o(i.ADC_DMA_Init)
    i.ADC_GPIO_Init                          0x08000788   Section        0  bsp.o(i.ADC_GPIO_Init)
    i.ADC_GetCalibrationStatus               0x080007ac   Section        0  stm32f10x_adc.o(i.ADC_GetCalibrationStatus)
    i.ADC_GetResetCalibrationStatus          0x080007c0   Section        0  stm32f10x_adc.o(i.ADC_GetResetCalibrationStatus)
    i.ADC_Init                               0x080007d4   Section        0  stm32f10x_adc.o(i.ADC_Init)
    i.ADC_RegularChannelConfig               0x08000824   Section        0  stm32f10x_adc.o(i.ADC_RegularChannelConfig)
    i.ADC_ResetCalibration                   0x080008dc   Section        0  stm32f10x_adc.o(i.ADC_ResetCalibration)
    i.ADC_SoftwareStartConvCmd               0x080008e6   Section        0  stm32f10x_adc.o(i.ADC_SoftwareStartConvCmd)
    i.ADC_StartCalibration                   0x080008fc   Section        0  stm32f10x_adc.o(i.ADC_StartCalibration)
    i.Averg_Val                              0x08000906   Section        0  ntc.o(i.Averg_Val)
    i.BKP_DeInit                             0x0800091c   Section        0  stm32f10x_bkp.o(i.BKP_DeInit)
    i.BKP_ReadBackupRegister                 0x0800092c   Section        0  stm32f10x_bkp.o(i.BKP_ReadBackupRegister)
    i.BKP_WriteBackupRegister                0x08000948   Section        0  stm32f10x_bkp.o(i.BKP_WriteBackupRegister)
    i.Beep_Thread                            0x08000964   Section        0  beep.o(i.Beep_Thread)
    i.BusFault_Handler                       0x080009dc   Section        0  stm32f10x_it.o(i.BusFault_Handler)
    i.Calendar_UI                            0x080009e0   Section        0  menu.o(i.Calendar_UI)
    i.DMA_Cmd                                0x08000a4c   Section        0  stm32f10x_dma.o(i.DMA_Cmd)
    i.DMA_DeInit                             0x08000a64   Section        0  stm32f10x_dma.o(i.DMA_DeInit)
    i.DMA_Init                               0x08000bb0   Section        0  stm32f10x_dma.o(i.DMA_Init)
    i.DebugMon_Handler                       0x08000bec   Section        0  stm32f10x_it.o(i.DebugMon_Handler)
    i.FLASH_PrefetchBufferCmd                0x08000bf0   Section        0  stm32f10x_flash.o(i.FLASH_PrefetchBufferCmd)
    i.FLASH_SetLatency                       0x08000c0c   Section        0  stm32f10x_flash.o(i.FLASH_SetLatency)
    i.Find_Tab                               0x08000c24   Section        0  ntc.o(i.Find_Tab)
    i.GPIO_Init                              0x08000ca6   Section        0  stm32f10x_gpio.o(i.GPIO_Init)
    i.GPIO_PinRemapConfig                    0x08000dbc   Section        0  stm32f10x_gpio.o(i.GPIO_PinRemapConfig)
    i.GPIO_ReadInputDataBit                  0x08000e4c   Section        0  stm32f10x_gpio.o(i.GPIO_ReadInputDataBit)
    i.GPIO_ResetBits                         0x08000e5e   Section        0  stm32f10x_gpio.o(i.GPIO_ResetBits)
    i.GPIO_SetBits                           0x08000e62   Section        0  stm32f10x_gpio.o(i.GPIO_SetBits)
    i.GUI_BMP                                0x08000e66   Section        0  slcd.o(i.GUI_BMP)
    i.GUI_F16x16                             0x08000edc   Section        0  slcd.o(i.GUI_F16x16)
    i.GUI_F32x32                             0x08000f24   Section        0  slcd.o(i.GUI_F32x32)
    i.GUI_F8x16                              0x08000fac   Section        0  slcd.o(i.GUI_F8x16)
    i.HardFault_Handler                      0x08001034   Section        0  stm32f10x_it.o(i.HardFault_Handler)
    i.IR_GPIO_Init                           0x08001038   Section        0  bsp.o(i.IR_GPIO_Init)
    i.IR_Init                                0x0800106c   Section        0  bsp.o(i.IR_Init)
    i.IR_Thread                              0x08001074   Section        0  ir.o(i.IR_Thread)
    i.Ir_CodeAnalyze                         0x08001084   Section        0  ir.o(i.Ir_CodeAnalyze)
    i.Ir_StatusAnalyze                       0x080010e4   Section        0  ir.o(i.Ir_StatusAnalyze)
    i.Ir_UI                                  0x08001128   Section        0  menu.o(i.Ir_UI)
    i.Ir_WaveAnalyze                         0x080011c0   Section        0  ir.o(i.Ir_WaveAnalyze)
    i.Is_LeapYear                            0x080012c4   Section        0  clock.o(i.Is_LeapYear)
    i.LED_Init                               0x08001300   Section        0  bsp.o(i.LED_Init)
    i.LED_Thread                             0x08001368   Section        0  led.o(i.LED_Thread)
    i.LOGO_BMP                               0x08001380   Section        0  slcd.o(i.LOGO_BMP)
    i.MemManage_Handler                      0x08001394   Section        0  stm32f10x_it.o(i.MemManage_Handler)
    i.Menu_Thread                            0x08001398   Section        0  menu.o(i.Menu_Thread)
    i.NMI_Handler                            0x08001448   Section        0  stm32f10x_it.o(i.NMI_Handler)
    i.NTC_Init                               0x0800144a   Section        0  bsp.o(i.NTC_Init)
    i.NVIC_Configuration                     0x08001456   Section        0  clock.o(i.NVIC_Configuration)
    i.NVIC_Init                              0x0800147c   Section        0  misc.o(i.NVIC_Init)
    i.NVIC_PriorityGroupConfig               0x080014ec   Section        0  misc.o(i.NVIC_PriorityGroupConfig)
    i.OLED_Clear                             0x08001500   Section        0  slcd.o(i.OLED_Clear)
    i.OLED_GPIO_Init                         0x08001540   Section        0  bsp.o(i.OLED_GPIO_Init)
    i.OLED_Init                              0x0800158c   Section        0  slcd.o(i.OLED_Init)
    i.OLED_SetXY                             0x080016b0   Section        0  slcd.o(i.OLED_SetXY)
    OLED_SetXY                               0x080016b1   Thumb Code    46  slcd.o(i.OLED_SetXY)
    i.OLED_ShowStr                           0x080016de   Section        0  slcd.o(i.OLED_ShowStr)
    i.OLED_WriteData                         0x08001714   Section        0  slcd.o(i.OLED_WriteData)
    i.PWR_BackupAccessCmd                    0x08001724   Section        0  stm32f10x_pwr.o(i.PWR_BackupAccessCmd)
    i.PendSV_Handler                         0x08001730   Section        0  stm32f10x_it.o(i.PendSV_Handler)
    i.RCC_ADCCLKConfig                       0x08001734   Section        0  stm32f10x_rcc.o(i.RCC_ADCCLKConfig)
    i.RCC_AHBPeriphClockCmd                  0x0800174c   Section        0  stm32f10x_rcc.o(i.RCC_AHBPeriphClockCmd)
    i.RCC_APB1PeriphClockCmd                 0x0800176c   Section        0  stm32f10x_rcc.o(i.RCC_APB1PeriphClockCmd)
    i.RCC_APB2PeriphClockCmd                 0x0800178c   Section        0  stm32f10x_rcc.o(i.RCC_APB2PeriphClockCmd)
    i.RCC_BackupResetCmd                     0x080017ac   Section        0  stm32f10x_rcc.o(i.RCC_BackupResetCmd)
    i.RCC_ClockSecuritySystemCmd             0x080017b8   Section        0  stm32f10x_rcc.o(i.RCC_ClockSecuritySystemCmd)
    i.RCC_DeInit                             0x080017c4   Section        0  stm32f10x_rcc.o(i.RCC_DeInit)
    i.RCC_GetFlagStatus                      0x08001810   Section        0  stm32f10x_rcc.o(i.RCC_GetFlagStatus)
    i.RCC_GetSYSCLKSource                    0x0800184c   Section        0  stm32f10x_rcc.o(i.RCC_GetSYSCLKSource)
    i.RCC_HCLKConfig                         0x0800185c   Section        0  stm32f10x_rcc.o(i.RCC_HCLKConfig)
    i.RCC_HSEConfig                          0x08001874   Section        0  stm32f10x_rcc.o(i.RCC_HSEConfig)
    i.RCC_LSEConfig                          0x080018c0   Section        0  stm32f10x_rcc.o(i.RCC_LSEConfig)
    i.RCC_PCLK1Config                        0x080018f4   Section        0  stm32f10x_rcc.o(i.RCC_PCLK1Config)
    i.RCC_PCLK2Config                        0x0800190c   Section        0  stm32f10x_rcc.o(i.RCC_PCLK2Config)
    i.RCC_PLLCmd                             0x08001924   Section        0  stm32f10x_rcc.o(i.RCC_PLLCmd)
    i.RCC_PLLConfig                          0x08001930   Section        0  stm32f10x_rcc.o(i.RCC_PLLConfig)
    i.RCC_RTCCLKCmd                          0x0800194c   Section        0  stm32f10x_rcc.o(i.RCC_RTCCLKCmd)
    i.RCC_RTCCLKConfig                       0x08001958   Section        0  stm32f10x_rcc.o(i.RCC_RTCCLKConfig)
    i.RCC_SYSCLKConfig                       0x08001968   Section        0  stm32f10x_rcc.o(i.RCC_SYSCLKConfig)
    i.RCC_WaitForHSEStartUp                  0x08001980   Section        0  stm32f10x_rcc.o(i.RCC_WaitForHSEStartUp)
    i.RTC_Configuration                      0x080019b8   Section        0  clock.o(i.RTC_Configuration)
    i.RTC_EnterConfigMode                    0x08001a08   Section        0  stm32f10x_rtc.o(i.RTC_EnterConfigMode)
    i.RTC_ExitConfigMode                     0x08001a1c   Section        0  stm32f10x_rtc.o(i.RTC_ExitConfigMode)
    i.RTC_Get                                0x08001a30   Section        0  clock.o(i.RTC_Get)
    i.RTC_GetCounter                         0x08001b10   Section        0  stm32f10x_rtc.o(i.RTC_GetCounter)
    i.RTC_Init                               0x08001b24   Section        0  clock.o(i.RTC_Init)
    i.RTC_Set                                0x08001b64   Section        0  clock.o(i.RTC_Set)
    i.RTC_SetCounter                         0x08001c2c   Section        0  stm32f10x_rtc.o(i.RTC_SetCounter)
    i.RTC_SetPrescaler                       0x08001c48   Section        0  stm32f10x_rtc.o(i.RTC_SetPrescaler)
    i.RTC_Thread                             0x08001c68   Section        0  clock.o(i.RTC_Thread)
    i.RTC_WaitForLastTask                    0x08001c78   Section        0  stm32f10x_rtc.o(i.RTC_WaitForLastTask)
    i.RTC_WaitForSynchro                     0x08001c8c   Section        0  stm32f10x_rtc.o(i.RTC_WaitForSynchro)
    i.RT_Task                                0x08001cb0   Section        0  main.o(i.RT_Task)
    i.SPI_Write                              0x08001cb4   Section        0  slcd.o(i.SPI_Write)
    i.STM32F103_RCC_Init                     0x08001d24   Section        0  main.o(i.STM32F103_RCC_Init)
    i.ST_Task                                0x08001db0   Section        0  rrs.o(i.ST_Task)
    i.SVC_Handler                            0x08001e08   Section        0  stm32f10x_it.o(i.SVC_Handler)
    i.SetSysClock                            0x08001e0a   Section        0  system_stm32f10x.o(i.SetSysClock)
    SetSysClock                              0x08001e0b   Thumb Code     8  system_stm32f10x.o(i.SetSysClock)
    i.SetSysClockTo72                        0x08001e14   Section        0  system_stm32f10x.o(i.SetSysClockTo72)
    SetSysClockTo72                          0x08001e15   Thumb Code   214  system_stm32f10x.o(i.SetSysClockTo72)
    i.SysInit                                0x08001ef4   Section        0  main.o(i.SysInit)
    i.SystemInit                             0x08001f18   Section        0  system_stm32f10x.o(i.SystemInit)
    i.TI1_Config                             0x08001f78   Section        0  stm32f10x_tim.o(i.TI1_Config)
    TI1_Config                               0x08001f79   Thumb Code   108  stm32f10x_tim.o(i.TI1_Config)
    i.TI2_Config                             0x08001ff8   Section        0  stm32f10x_tim.o(i.TI2_Config)
    TI2_Config                               0x08001ff9   Thumb Code   130  stm32f10x_tim.o(i.TI2_Config)
    i.TI3_Config                             0x08002090   Section        0  stm32f10x_tim.o(i.TI3_Config)
    TI3_Config                               0x08002091   Thumb Code   122  stm32f10x_tim.o(i.TI3_Config)
    i.TI4_Config                             0x08002120   Section        0  stm32f10x_tim.o(i.TI4_Config)
    TI4_Config                               0x08002121   Thumb Code   130  stm32f10x_tim.o(i.TI4_Config)
    i.TIM1_CC_IRQHandler                     0x080021b8   Section        0  ir.o(i.TIM1_CC_IRQHandler)
    i.TIM1_Init                              0x080021ec   Section        0  tim.o(i.TIM1_Init)
    i.TIM2_IRQHandler                        0x0800227c   Section        0  beep.o(i.TIM2_IRQHandler)
    i.TIM3_IRQHandler                        0x0800229c   Section        0  rrs.o(i.TIM3_IRQHandler)
    i.TIM3_Init                              0x08002340   Section        0  tim.o(i.TIM3_Init)
    i.TIM_ClearFlag                          0x080023a8   Section        0  stm32f10x_tim.o(i.TIM_ClearFlag)
    i.TIM_ClearITPendingBit                  0x080023ae   Section        0  stm32f10x_tim.o(i.TIM_ClearITPendingBit)
    i.TIM_Cmd                                0x080023b4   Section        0  stm32f10x_tim.o(i.TIM_Cmd)
    i.TIM_GetCapture1                        0x080023cc   Section        0  stm32f10x_tim.o(i.TIM_GetCapture1)
    i.TIM_GetITStatus                        0x080023d2   Section        0  stm32f10x_tim.o(i.TIM_GetITStatus)
    i.TIM_ICInit                             0x080023f4   Section        0  stm32f10x_tim.o(i.TIM_ICInit)
    i.TIM_ITConfig                           0x080024a0   Section        0  stm32f10x_tim.o(i.TIM_ITConfig)
    i.TIM_OC1PolarityConfig                  0x080024b2   Section        0  stm32f10x_tim.o(i.TIM_OC1PolarityConfig)
    i.TIM_SetCounter                         0x080024c4   Section        0  stm32f10x_tim.o(i.TIM_SetCounter)
    i.TIM_SetIC1Prescaler                    0x080024c8   Section        0  stm32f10x_tim.o(i.TIM_SetIC1Prescaler)
    i.TIM_SetIC2Prescaler                    0x080024da   Section        0  stm32f10x_tim.o(i.TIM_SetIC2Prescaler)
    i.TIM_SetIC3Prescaler                    0x080024f4   Section        0  stm32f10x_tim.o(i.TIM_SetIC3Prescaler)
    i.TIM_SetIC4Prescaler                    0x08002506   Section        0  stm32f10x_tim.o(i.TIM_SetIC4Prescaler)
    i.TIM_TimeBaseInit                       0x08002520   Section        0  stm32f10x_tim.o(i.TIM_TimeBaseInit)
    i.Temperature_Get                        0x080025c4   Section        0  ntc.o(i.Temperature_Get)
    i.Temperature_Thread                     0x0800263c   Section        0  ntc.o(i.Temperature_Thread)
    i.Temperature_UI                         0x0800264c   Section        0  menu.o(i.Temperature_UI)
    i.USART1_IRQHandler                      0x08002688   Section        0  usart.o(i.USART1_IRQHandler)
    i.UsageFault_Handler                     0x0800268a   Section        0  stm32f10x_it.o(i.UsageFault_Handler)
    i._is_digit                              0x0800268e   Section        0  __printf_wp.o(i._is_digit)
    i.hw_creat_cb                            0x0800269c   Section        0  led.o(i.hw_creat_cb)
    i.hw_layer_cb                            0x080026a8   Section        0  led.o(i.hw_layer_cb)
    i.hw_port_creat                          0x080026bc   Section        0  led.o(i.hw_port_creat)
    i.led_creat                              0x080026e0   Section        0  led.o(i.led_creat)
    i.led_drive_implement                    0x080026fc   Section        0  led.o(i.led_drive_implement)
    i.main                                   0x08002728   Section        0  main.o(i.main)
    i.xDelay_ms                              0x08002738   Section        0  delay.o(i.xDelay_ms)
    i.xDelay_us                              0x0800274a   Section        0  delay.o(i.xDelay_us)
    .constdata                               0x08002762   Section       12  clock.o(.constdata)
    .constdata                               0x0800276e   Section     3144  slcd.o(.constdata)
    .constdata                               0x080033b6   Section       40  _printf_hex_int.o(.constdata)
    uc_hextab                                0x080033b6   Data          20  _printf_hex_int.o(.constdata)
    lc_hextab                                0x080033ca   Data          20  _printf_hex_int.o(.constdata)
    .constdata                               0x080033de   Section       17  __printf_flags_wp.o(.constdata)
    maptable                                 0x080033de   Data          17  __printf_flags_wp.o(.constdata)
    .conststring                             0x080033f0   Section       28  clock.o(.conststring)
    .data                                    0x20000000   Section        8  beep.o(.data)
    .data                                    0x20000008   Section        2  bsp.o(.data)
    .data                                    0x2000000c   Section      168  ntc.o(.data)
    .data                                    0x200000b4   Section       83  rrs.o(.data)
    i                                        0x20000105   Data           1  rrs.o(.data)
    i                                        0x20000106   Data           1  rrs.o(.data)
    .data                                    0x20000108   Section       38  clock.o(.data)
    dayCount                                 0x2000012c   Data           2  clock.o(.data)
    .data                                    0x2000012e   Section     2658  slcd.o(.data)
    dx                                       0x20000b8e   Data           1  slcd.o(.data)
    dy                                       0x20000b8f   Data           1  slcd.o(.data)
    .data                                    0x20000b90   Section        9  menu.o(.data)
    ui_cflag                                 0x20000b98   Data           1  menu.o(.data)
    .bss                                     0x20000b9c   Section       20  ir.o(.bss)
    .bss                                     0x20000bb0   Section       48  led.o(.bss)
    .bss                                     0x20000be0   Section       96  libspace.o(.bss)
    HEAP                                     0x20000c40   Section      512  startup_stm32f10x_md.o(HEAP)
    Heap_Mem                                 0x20000c40   Data         512  startup_stm32f10x_md.o(HEAP)
    STACK                                    0x20000e40   Section     1024  startup_stm32f10x_md.o(STACK)
    Stack_Mem                                0x20000e40   Data        1024  startup_stm32f10x_md.o(STACK)
    __initial_sp                             0x20001240   Data           0  startup_stm32f10x_md.o(STACK)

    Global Symbols

    Symbol Name                              Value     Ov Type        Size  Object(Section)

    BuildAttributes$$THM_ISAv4$P$D$K$B$S$PE$A:L22UL41UL21$X:L11$S22US41US21$IEEE1$IW$USESV6$~STKCKD$USESV7$~SHL$OSPACE$ROPI$EBA8$UX$STANDARDLIB$REQ8$PRES8$EABIv2 0x00000000   Number         0  anon$$obj.o ABSOLUTE
    __ARM_use_no_argv                        0x00000000   Number         0  main.o ABSOLUTE
    _printf_flags                            0x00000000   Number         0  printf_stubs.o ABSOLUTE
    _printf_return_value                     0x00000000   Number         0  printf_stubs.o ABSOLUTE
    _printf_sizespec                         0x00000000   Number         0  printf_stubs.o ABSOLUTE
    _printf_widthprec                        0x00000000   Number         0  printf_stubs.o ABSOLUTE
    __ARM_exceptions_init                     - Undefined Weak Reference
    __alloca_initialize                       - Undefined Weak Reference
    __arm_preinit_                            - Undefined Weak Reference
    __cpp_initialize__aeabi_                  - Undefined Weak Reference
    __cxa_finalize                            - Undefined Weak Reference
    __rt_locale                               - Undefined Weak Reference
    __sigvec_lookup                           - Undefined Weak Reference
    _atexit_init                              - Undefined Weak Reference
    _call_atexit_fns                          - Undefined Weak Reference
    _clock_init                               - Undefined Weak Reference
    _fp_trap_init                             - Undefined Weak Reference
    _fp_trap_shutdown                         - Undefined Weak Reference
    _get_lc_collate                           - Undefined Weak Reference
    _get_lc_ctype                             - Undefined Weak Reference
    _get_lc_monetary                          - Undefined Weak Reference
    _get_lc_numeric                           - Undefined Weak Reference
    _get_lc_time                              - Undefined Weak Reference
    _getenv_init                              - Undefined Weak Reference
    _handle_redirection                       - Undefined Weak Reference
    _init_alloc                               - Undefined Weak Reference
    _init_user_alloc                          - Undefined Weak Reference
    _initio                                   - Undefined Weak Reference
    _printf_truncate_signed                   - Undefined Weak Reference
    _printf_truncate_unsigned                 - Undefined Weak Reference
    _rand_init                                - Undefined Weak Reference
    _signal_finish                            - Undefined Weak Reference
    _signal_init                              - Undefined Weak Reference
    _terminate_alloc                          - Undefined Weak Reference
    _terminate_user_alloc                     - Undefined Weak Reference
    _terminateio                              - Undefined Weak Reference
    __Vectors_Size                           0x000000ec   Number         0  startup_stm32f10x_md.o ABSOLUTE
    __Vectors                                0x08000000   Data           4  startup_stm32f10x_md.o(RESET)
    __Vectors_End                            0x080000ec   Data           0  startup_stm32f10x_md.o(RESET)
    __main                                   0x080000ed   Thumb Code     8  __main.o(!!!main)
    __scatterload                            0x080000f5   Thumb Code     0  __scatter.o(!!!scatter)
    __scatterload_rt2                        0x080000f5   Thumb Code    44  __scatter.o(!!!scatter)
    __scatterload_rt2_thumb_only             0x080000f5   Thumb Code     0  __scatter.o(!!!scatter)
    __scatterload_null                       0x08000103   Thumb Code     0  __scatter.o(!!!scatter)
    __decompress                             0x08000129   Thumb Code   100  __dclz77c.o(!!dclz77c)
    __decompress2                            0x08000129   Thumb Code     0  __dclz77c.o(!!dclz77c)
    __scatterload_zeroinit                   0x0800018d   Thumb Code    28  __scatter_zi.o(!!handler_zi)
    _printf_d                                0x080001a9   Thumb Code     0  _printf_d.o(.ARM.Collect$$_printf_percent$$00000009)
    _printf_percent                          0x080001a9   Thumb Code     0  _printf_percent.o(.ARM.Collect$$_printf_percent$$00000000)
    _printf_x                                0x080001af   Thumb Code     0  _printf_x.o(.ARM.Collect$$_printf_percent$$0000000C)
    _printf_percent_end                      0x080001b5   Thumb Code     0  _printf_percent_end.o(.ARM.Collect$$_printf_percent$$00000017)
    __rt_lib_init                            0x080001b9   Thumb Code     0  libinit.o(.ARM.Collect$$libinit$$00000000)
    __rt_lib_init_alloca_1                   0x080001bb   Thumb Code     0  libinit2.o(.ARM.Collect$$libinit$$0000002E)
    __rt_lib_init_argv_1                     0x080001bb   Thumb Code     0  libinit2.o(.ARM.Collect$$libinit$$0000002C)
    __rt_lib_init_atexit_1                   0x080001bb   Thumb Code     0  libinit2.o(.ARM.Collect$$libinit$$0000001B)
    __rt_lib_init_clock_1                    0x080001bb   Thumb Code     0  libinit2.o(.ARM.Collect$$libinit$$00000021)
    __rt_lib_init_cpp_1                      0x080001bb   Thumb Code     0  libinit2.o(.ARM.Collect$$libinit$$00000032)
    __rt_lib_init_exceptions_1               0x080001bb   Thumb Code     0  libinit2.o(.ARM.Collect$$libinit$$00000030)
    __rt_lib_init_fp_1                       0x080001bb   Thumb Code     0  libinit2.o(.ARM.Collect$$libinit$$00000002)
    __rt_lib_init_fp_trap_1                  0x080001bb   Thumb Code     0  libinit2.o(.ARM.Collect$$libinit$$0000001F)
    __rt_lib_init_getenv_1                   0x080001bb   Thumb Code     0  libinit2.o(.ARM.Collect$$libinit$$00000023)
    __rt_lib_init_heap_1                     0x080001bb   Thumb Code     0  libinit2.o(.ARM.Collect$$libinit$$0000000A)
    __rt_lib_init_lc_collate_1               0x080001bb   Thumb Code     0  libinit2.o(.ARM.Collect$$libinit$$00000011)
    __rt_lib_init_lc_ctype_1                 0x080001bb   Thumb Code     0  libinit2.o(.ARM.Collect$$libinit$$00000013)
    __rt_lib_init_lc_monetary_1              0x080001bb   Thumb Code     0  libinit2.o(.ARM.Collect$$libinit$$00000015)
    __rt_lib_init_lc_numeric_1               0x080001bb   Thumb Code     0  libinit2.o(.ARM.Collect$$libinit$$00000017)
    __rt_lib_init_lc_time_1                  0x080001bb   Thumb Code     0  libinit2.o(.ARM.Collect$$libinit$$00000019)
    __rt_lib_init_preinit_1                  0x080001bb   Thumb Code     0  libinit2.o(.ARM.Collect$$libinit$$00000004)
    __rt_lib_init_rand_1                     0x080001bb   Thumb Code     0  libinit2.o(.ARM.Collect$$libinit$$0000000E)
    __rt_lib_init_return                     0x080001bb   Thumb Code     0  libinit2.o(.ARM.Collect$$libinit$$00000033)
    __rt_lib_init_signal_1                   0x080001bb   Thumb Code     0  libinit2.o(.ARM.Collect$$libinit$$0000001D)
    __rt_lib_init_stdio_1                    0x080001bb   Thumb Code     0  libinit2.o(.ARM.Collect$$libinit$$00000025)
    __rt_lib_init_user_alloc_1               0x080001bb   Thumb Code     0  libinit2.o(.ARM.Collect$$libinit$$0000000C)
    __rt_lib_shutdown                        0x080001bd   Thumb Code     0  libshutdown.o(.ARM.Collect$$libshutdown$$00000000)
    __rt_lib_shutdown_cpp_1                  0x080001bf   Thumb Code     0  libshutdown2.o(.ARM.Collect$$libshutdown$$00000002)
    __rt_lib_shutdown_fp_trap_1              0x080001bf   Thumb Code     0  libshutdown2.o(.ARM.Collect$$libshutdown$$00000007)
    __rt_lib_shutdown_heap_1                 0x080001bf   Thumb Code     0  libshutdown2.o(.ARM.Collect$$libshutdown$$0000000F)
    __rt_lib_shutdown_return                 0x080001bf   Thumb Code     0  libshutdown2.o(.ARM.Collect$$libshutdown$$00000010)
    __rt_lib_shutdown_signal_1               0x080001bf   Thumb Code     0  libshutdown2.o(.ARM.Collect$$libshutdown$$0000000A)
    __rt_lib_shutdown_stdio_1                0x080001bf   Thumb Code     0  libshutdown2.o(.ARM.Collect$$libshutdown$$00000004)
    __rt_lib_shutdown_user_alloc_1           0x080001bf   Thumb Code     0  libshutdown2.o(.ARM.Collect$$libshutdown$$0000000C)
    __rt_entry                               0x080001c1   Thumb Code     0  __rtentry.o(.ARM.Collect$$rtentry$$00000000)
    __rt_entry_presh_1                       0x080001c1   Thumb Code     0  __rtentry2.o(.ARM.Collect$$rtentry$$00000002)
    __rt_entry_sh                            0x080001c1   Thumb Code     0  __rtentry4.o(.ARM.Collect$$rtentry$$00000004)
    __rt_entry_li                            0x080001c7   Thumb Code     0  __rtentry2.o(.ARM.Collect$$rtentry$$0000000A)
    __rt_entry_postsh_1                      0x080001c7   Thumb Code     0  __rtentry2.o(.ARM.Collect$$rtentry$$00000009)
    __rt_entry_main                          0x080001cb   Thumb Code     0  __rtentry2.o(.ARM.Collect$$rtentry$$0000000D)
    __rt_entry_postli_1                      0x080001cb   Thumb Code     0  __rtentry2.o(.ARM.Collect$$rtentry$$0000000C)
    __rt_exit                                0x080001d3   Thumb Code     0  rtexit.o(.ARM.Collect$$rtexit$$00000000)
    __rt_exit_ls                             0x080001d5   Thumb Code     0  rtexit2.o(.ARM.Collect$$rtexit$$00000003)
    __rt_exit_prels_1                        0x080001d5   Thumb Code     0  rtexit2.o(.ARM.Collect$$rtexit$$00000002)
    __rt_exit_exit                           0x080001d9   Thumb Code     0  rtexit2.o(.ARM.Collect$$rtexit$$00000004)
    Reset_Handler                            0x080001e1   Thumb Code     8  startup_stm32f10x_md.o(.text)
    SysTick_Handler                          0x080001f9   Thumb Code     2  startup_stm32f10x_md.o(.text)
    ADC1_2_IRQHandler                        0x080001fb   Thumb Code     0  startup_stm32f10x_md.o(.text)
    CAN1_RX1_IRQHandler                      0x080001fb   Thumb Code     0  startup_stm32f10x_md.o(.text)
    CAN1_SCE_IRQHandler                      0x080001fb   Thumb Code     0  startup_stm32f10x_md.o(.text)
    DMA1_Channel1_IRQHandler                 0x080001fb   Thumb Code     0  startup_stm32f10x_md.o(.text)
    DMA1_Channel2_IRQHandler                 0x080001fb   Thumb Code     0  startup_stm32f10x_md.o(.text)
    DMA1_Channel3_IRQHandler                 0x080001fb   Thumb Code     0  startup_stm32f10x_md.o(.text)
    DMA1_Channel4_IRQHandler                 0x080001fb   Thumb Code     0  startup_stm32f10x_md.o(.text)
    DMA1_Channel5_IRQHandler                 0x080001fb   Thumb Code     0  startup_stm32f10x_md.o(.text)
    DMA1_Channel6_IRQHandler                 0x080001fb   Thumb Code     0  startup_stm32f10x_md.o(.text)
    DMA1_Channel7_IRQHandler                 0x080001fb   Thumb Code     0  startup_stm32f10x_md.o(.text)
    EXTI0_IRQHandler                         0x080001fb   Thumb Code     0  startup_stm32f10x_md.o(.text)
    EXTI15_10_IRQHandler                     0x080001fb   Thumb Code     0  startup_stm32f10x_md.o(.text)
    EXTI1_IRQHandler                         0x080001fb   Thumb Code     0  startup_stm32f10x_md.o(.text)
    EXTI2_IRQHandler                         0x080001fb   Thumb Code     0  startup_stm32f10x_md.o(.text)
    EXTI3_IRQHandler                         0x080001fb   Thumb Code     0  startup_stm32f10x_md.o(.text)
    EXTI4_IRQHandler                         0x080001fb   Thumb Code     0  startup_stm32f10x_md.o(.text)
    EXTI9_5_IRQHandler                       0x080001fb   Thumb Code     0  startup_stm32f10x_md.o(.text)
    FLASH_IRQHandler                         0x080001fb   Thumb Code     0  startup_stm32f10x_md.o(.text)
    I2C1_ER_IRQHandler                       0x080001fb   Thumb Code     0  startup_stm32f10x_md.o(.text)
    I2C1_EV_IRQHandler                       0x080001fb   Thumb Code     0  startup_stm32f10x_md.o(.text)
    I2C2_ER_IRQHandler                       0x080001fb   Thumb Code     0  startup_stm32f10x_md.o(.text)
    I2C2_EV_IRQHandler                       0x080001fb   Thumb Code     0  startup_stm32f10x_md.o(.text)
    PVD_IRQHandler                           0x080001fb   Thumb Code     0  startup_stm32f10x_md.o(.text)
    RCC_IRQHandler                           0x080001fb   Thumb Code     0  startup_stm32f10x_md.o(.text)
    RTCAlarm_IRQHandler                      0x080001fb   Thumb Code     0  startup_stm32f10x_md.o(.text)
    RTC_IRQHandler                           0x080001fb   Thumb Code     0  startup_stm32f10x_md.o(.text)
    SPI1_IRQHandler                          0x080001fb   Thumb Code     0  startup_stm32f10x_md.o(.text)
    SPI2_IRQHandler                          0x080001fb   Thumb Code     0  startup_stm32f10x_md.o(.text)
    TAMPER_IRQHandler                        0x080001fb   Thumb Code     0  startup_stm32f10x_md.o(.text)
    TIM1_BRK_IRQHandler                      0x080001fb   Thumb Code     0  startup_stm32f10x_md.o(.text)
    TIM1_TRG_COM_IRQHandler                  0x080001fb   Thumb Code     0  startup_stm32f10x_md.o(.text)
    TIM1_UP_IRQHandler                       0x080001fb   Thumb Code     0  startup_stm32f10x_md.o(.text)
    TIM4_IRQHandler                          0x080001fb   Thumb Code     0  startup_stm32f10x_md.o(.text)
    USART2_IRQHandler                        0x080001fb   Thumb Code     0  startup_stm32f10x_md.o(.text)
    USART3_IRQHandler                        0x080001fb   Thumb Code     0  startup_stm32f10x_md.o(.text)
    USBWakeUp_IRQHandler                     0x080001fb   Thumb Code     0  startup_stm32f10x_md.o(.text)
    USB_HP_CAN1_TX_IRQHandler                0x080001fb   Thumb Code     0  startup_stm32f10x_md.o(.text)
    USB_LP_CAN1_RX0_IRQHandler               0x080001fb   Thumb Code     0  startup_stm32f10x_md.o(.text)
    WWDG_IRQHandler                          0x080001fb   Thumb Code     0  startup_stm32f10x_md.o(.text)
    __user_initial_stackheap                 0x080001fd   Thumb Code     0  startup_stm32f10x_md.o(.text)
    __2snprintf                              0x08000221   Thumb Code    48  noretval__2snprintf.o(.text)
    _printf_pre_padding                      0x08000255   Thumb Code    44  _printf_pad.o(.text)
    _printf_post_padding                     0x08000281   Thumb Code    34  _printf_pad.o(.text)
    _printf_int_dec                          0x080002a5   Thumb Code   104  _printf_dec.o(.text)
    _printf_int_hex                          0x0800031d   Thumb Code    84  _printf_hex_int.o(.text)
    _printf_longlong_hex                     0x0800031d   Thumb Code     0  _printf_hex_int.o(.text)
    __printf                                 0x08000375   Thumb Code   308  __printf_flags_wp.o(.text)
    __aeabi_memclr4                          0x080004ad   Thumb Code     0  rt_memclr_w.o(.text)
    __aeabi_memclr8                          0x080004ad   Thumb Code     0  rt_memclr_w.o(.text)
    __rt_memclr_w                            0x080004ad   Thumb Code    78  rt_memclr_w.o(.text)
    _memset_w                                0x080004b1   Thumb Code     0  rt_memclr_w.o(.text)
    __use_two_region_memory                  0x080004fb   Thumb Code     2  heapauxi.o(.text)
    __rt_heap_escrow$2region                 0x080004fd   Thumb Code     2  heapauxi.o(.text)
    __rt_heap_expand$2region                 0x080004ff   Thumb Code     2  heapauxi.o(.text)
    _printf_int_common                       0x08000501   Thumb Code   178  _printf_intcommon.o(.text)
    _printf_char_common                      0x080005bf   Thumb Code    32  _printf_char_common.o(.text)
    _sputc                                   0x080005e5   Thumb Code    10  _sputc.o(.text)
    _snputc                                  0x080005ef   Thumb Code    16  _snputc.o(.text)
    __user_setup_stackheap                   0x080005ff   Thumb Code    74  sys_stackheap_outer.o(.text)
    exit                                     0x08000649   Thumb Code    18  exit.o(.text)
    __user_libspace                          0x0800065d   Thumb Code     8  libspace.o(.text)
    __user_perproc_libspace                  0x0800065d   Thumb Code     0  libspace.o(.text)
    __user_perthread_libspace                0x0800065d   Thumb Code     0  libspace.o(.text)
    _sys_exit                                0x08000665   Thumb Code     8  sys_exit.o(.text)
    __I$use$semihosting                      0x08000671   Thumb Code     0  use_no_semi.o(.text)
    __use_no_semihosting_swi                 0x08000671   Thumb Code     2  use_no_semi.o(.text)
    ADC_Cmd                                  0x08000673   Thumb Code    22  stm32f10x_adc.o(i.ADC_Cmd)
    __semihosting_library_function           0x08000673   Thumb Code     0  indicate_semi.o(.text)
    ADC_DMACmd                               0x08000689   Thumb Code    22  stm32f10x_adc.o(i.ADC_DMACmd)
    ADC_DMA_Init                             0x080006a1   Thumb Code   218  bsp.o(i.ADC_DMA_Init)
    ADC_GPIO_Init                            0x08000789   Thumb Code    32  bsp.o(i.ADC_GPIO_Init)
    ADC_GetCalibrationStatus                 0x080007ad   Thumb Code    20  stm32f10x_adc.o(i.ADC_GetCalibrationStatus)
    ADC_GetResetCalibrationStatus            0x080007c1   Thumb Code    20  stm32f10x_adc.o(i.ADC_GetResetCalibrationStatus)
    ADC_Init                                 0x080007d5   Thumb Code    70  stm32f10x_adc.o(i.ADC_Init)
    ADC_RegularChannelConfig                 0x08000825   Thumb Code   184  stm32f10x_adc.o(i.ADC_RegularChannelConfig)
    ADC_ResetCalibration                     0x080008dd   Thumb Code    10  stm32f10x_adc.o(i.ADC_ResetCalibration)
    ADC_SoftwareStartConvCmd                 0x080008e7   Thumb Code    22  stm32f10x_adc.o(i.ADC_SoftwareStartConvCmd)
    ADC_StartCalibration                     0x080008fd   Thumb Code    10  stm32f10x_adc.o(i.ADC_StartCalibration)
    Averg_Val                                0x08000907   Thumb Code    22  ntc.o(i.Averg_Val)
    BKP_DeInit                               0x0800091d   Thumb Code    16  stm32f10x_bkp.o(i.BKP_DeInit)
    BKP_ReadBackupRegister                   0x0800092d   Thumb Code    24  stm32f10x_bkp.o(i.BKP_ReadBackupRegister)
    BKP_WriteBackupRegister                  0x08000949   Thumb Code    22  stm32f10x_bkp.o(i.BKP_WriteBackupRegister)
    Beep_Thread                              0x08000965   Thumb Code   114  beep.o(i.Beep_Thread)
    BusFault_Handler                         0x080009dd   Thumb Code     4  stm32f10x_it.o(i.BusFault_Handler)
    Calendar_UI                              0x080009e1   Thumb Code    84  menu.o(i.Calendar_UI)
    DMA_Cmd                                  0x08000a4d   Thumb Code    24  stm32f10x_dma.o(i.DMA_Cmd)
    DMA_DeInit                               0x08000a65   Thumb Code   324  stm32f10x_dma.o(i.DMA_DeInit)
    DMA_Init                                 0x08000bb1   Thumb Code    60  stm32f10x_dma.o(i.DMA_Init)
    DebugMon_Handler                         0x08000bed   Thumb Code     2  stm32f10x_it.o(i.DebugMon_Handler)
    FLASH_PrefetchBufferCmd                  0x08000bf1   Thumb Code    22  stm32f10x_flash.o(i.FLASH_PrefetchBufferCmd)
    FLASH_SetLatency                         0x08000c0d   Thumb Code    18  stm32f10x_flash.o(i.FLASH_SetLatency)
    Find_Tab                                 0x08000c25   Thumb Code   130  ntc.o(i.Find_Tab)
    GPIO_Init                                0x08000ca7   Thumb Code   278  stm32f10x_gpio.o(i.GPIO_Init)
    GPIO_PinRemapConfig                      0x08000dbd   Thumb Code   138  stm32f10x_gpio.o(i.GPIO_PinRemapConfig)
    GPIO_ReadInputDataBit                    0x08000e4d   Thumb Code    18  stm32f10x_gpio.o(i.GPIO_ReadInputDataBit)
    GPIO_ResetBits                           0x08000e5f   Thumb Code     4  stm32f10x_gpio.o(i.GPIO_ResetBits)
    GPIO_SetBits                             0x08000e63   Thumb Code     4  stm32f10x_gpio.o(i.GPIO_SetBits)
    GUI_BMP                                  0x08000e67   Thumb Code   118  slcd.o(i.GUI_BMP)
    GUI_F16x16                               0x08000edd   Thumb Code    66  slcd.o(i.GUI_F16x16)
    GUI_F32x32                               0x08000f25   Thumb Code   132  slcd.o(i.GUI_F32x32)
    GUI_F8x16                                0x08000fad   Thumb Code   132  slcd.o(i.GUI_F8x16)
    HardFault_Handler                        0x08001035   Thumb Code     4  stm32f10x_it.o(i.HardFault_Handler)
    IR_GPIO_Init                             0x08001039   Thumb Code    48  bsp.o(i.IR_GPIO_Init)
    IR_Init                                  0x0800106d   Thumb Code     8  bsp.o(i.IR_Init)
    IR_Thread                                0x08001075   Thumb Code    10  ir.o(i.IR_Thread)
    Ir_CodeAnalyze                           0x08001085   Thumb Code    90  ir.o(i.Ir_CodeAnalyze)
    Ir_StatusAnalyze                         0x080010e5   Thumb Code    68  ir.o(i.Ir_StatusAnalyze)
    Ir_UI                                    0x08001129   Thumb Code   132  menu.o(i.Ir_UI)
    Ir_WaveAnalyze                           0x080011c1   Thumb Code   248  ir.o(i.Ir_WaveAnalyze)
    Is_LeapYear                              0x080012c5   Thumb Code    58  clock.o(i.Is_LeapYear)
    LED_Init                                 0x08001301   Thumb Code    92  bsp.o(i.LED_Init)
    LED_Thread                               0x08001369   Thumb Code    18  led.o(i.LED_Thread)
    LOGO_BMP                                 0x08001381   Thumb Code    20  slcd.o(i.LOGO_BMP)
    MemManage_Handler                        0x08001395   Thumb Code     4  stm32f10x_it.o(i.MemManage_Handler)
    Menu_Thread                              0x08001399   Thumb Code   152  menu.o(i.Menu_Thread)
    NMI_Handler                              0x08001449   Thumb Code     2  stm32f10x_it.o(i.NMI_Handler)
    NTC_Init                                 0x0800144b   Thumb Code    12  bsp.o(i.NTC_Init)
    NVIC_Configuration                       0x08001457   Thumb Code    38  clock.o(i.NVIC_Configuration)
    NVIC_Init                                0x0800147d   Thumb Code   100  misc.o(i.NVIC_Init)
    NVIC_PriorityGroupConfig                 0x080014ed   Thumb Code    10  misc.o(i.NVIC_PriorityGroupConfig)
    OLED_Clear                               0x08001501   Thumb Code    64  slcd.o(i.OLED_Clear)
    OLED_GPIO_Init                           0x08001541   Thumb Code    70  bsp.o(i.OLED_GPIO_Init)
    OLED_Init                                0x0800158d   Thumb Code   288  slcd.o(i.OLED_Init)
    OLED_ShowStr                             0x080016df   Thumb Code    54  slcd.o(i.OLED_ShowStr)
    OLED_WriteData                           0x08001715   Thumb Code    16  slcd.o(i.OLED_WriteData)
    PWR_BackupAccessCmd                      0x08001725   Thumb Code     6  stm32f10x_pwr.o(i.PWR_BackupAccessCmd)
    PendSV_Handler                           0x08001731   Thumb Code     2  stm32f10x_it.o(i.PendSV_Handler)
    RCC_ADCCLKConfig                         0x08001735   Thumb Code    18  stm32f10x_rcc.o(i.RCC_ADCCLKConfig)
    RCC_AHBPeriphClockCmd                    0x0800174d   Thumb Code    26  stm32f10x_rcc.o(i.RCC_AHBPeriphClockCmd)
    RCC_APB1PeriphClockCmd                   0x0800176d   Thumb Code    26  stm32f10x_rcc.o(i.RCC_APB1PeriphClockCmd)
    RCC_APB2PeriphClockCmd                   0x0800178d   Thumb Code    26  stm32f10x_rcc.o(i.RCC_APB2PeriphClockCmd)
    RCC_BackupResetCmd                       0x080017ad   Thumb Code     6  stm32f10x_rcc.o(i.RCC_BackupResetCmd)
    RCC_ClockSecuritySystemCmd               0x080017b9   Thumb Code     6  stm32f10x_rcc.o(i.RCC_ClockSecuritySystemCmd)
    RCC_DeInit                               0x080017c5   Thumb Code    64  stm32f10x_rcc.o(i.RCC_DeInit)
    RCC_GetFlagStatus                        0x08001811   Thumb Code    56  stm32f10x_rcc.o(i.RCC_GetFlagStatus)
    RCC_GetSYSCLKSource                      0x0800184d   Thumb Code    10  stm32f10x_rcc.o(i.RCC_GetSYSCLKSource)
    RCC_HCLKConfig                           0x0800185d   Thumb Code    18  stm32f10x_rcc.o(i.RCC_HCLKConfig)
    RCC_HSEConfig                            0x08001875   Thumb Code    70  stm32f10x_rcc.o(i.RCC_HSEConfig)
    RCC_LSEConfig                            0x080018c1   Thumb Code    46  stm32f10x_rcc.o(i.RCC_LSEConfig)
    RCC_PCLK1Config                          0x080018f5   Thumb Code    18  stm32f10x_rcc.o(i.RCC_PCLK1Config)
    RCC_PCLK2Config                          0x0800190d   Thumb Code    20  stm32f10x_rcc.o(i.RCC_PCLK2Config)
    RCC_PLLCmd                               0x08001925   Thumb Code     6  stm32f10x_rcc.o(i.RCC_PLLCmd)
    RCC_PLLConfig                            0x08001931   Thumb Code    24  stm32f10x_rcc.o(i.RCC_PLLConfig)
    RCC_RTCCLKCmd                            0x0800194d   Thumb Code     6  stm32f10x_rcc.o(i.RCC_RTCCLKCmd)
    RCC_RTCCLKConfig                         0x08001959   Thumb Code    12  stm32f10x_rcc.o(i.RCC_RTCCLKConfig)
    RCC_SYSCLKConfig                         0x08001969   Thumb Code    18  stm32f10x_rcc.o(i.RCC_SYSCLKConfig)
    RCC_WaitForHSEStartUp                    0x08001981   Thumb Code    56  stm32f10x_rcc.o(i.RCC_WaitForHSEStartUp)
    RTC_Configuration                        0x080019b9   Thumb Code    80  clock.o(i.RTC_Configuration)
    RTC_EnterConfigMode                      0x08001a09   Thumb Code    14  stm32f10x_rtc.o(i.RTC_EnterConfigMode)
    RTC_ExitConfigMode                       0x08001a1d   Thumb Code    16  stm32f10x_rtc.o(i.RTC_ExitConfigMode)
    RTC_Get                                  0x08001a31   Thumb Code   212  clock.o(i.RTC_Get)
    RTC_GetCounter                           0x08001b11   Thumb Code    16  stm32f10x_rtc.o(i.RTC_GetCounter)
    RTC_Init                                 0x08001b25   Thumb Code    58  clock.o(i.RTC_Init)
    RTC_Set                                  0x08001b65   Thumb Code   180  clock.o(i.RTC_Set)
    RTC_SetCounter                           0x08001c2d   Thumb Code    24  stm32f10x_rtc.o(i.RTC_SetCounter)
    RTC_SetPrescaler                         0x08001c49   Thumb Code    26  stm32f10x_rtc.o(i.RTC_SetPrescaler)
    RTC_Thread                               0x08001c69   Thumb Code    10  clock.o(i.RTC_Thread)
    RTC_WaitForLastTask                      0x08001c79   Thumb Code    16  stm32f10x_rtc.o(i.RTC_WaitForLastTask)
    RTC_WaitForSynchro                       0x08001c8d   Thumb Code    30  stm32f10x_rtc.o(i.RTC_WaitForSynchro)
    RT_Task                                  0x08001cb1   Thumb Code     2  main.o(i.RT_Task)
    SPI_Write                                0x08001cb5   Thumb Code   106  slcd.o(i.SPI_Write)
    STM32F103_RCC_Init                       0x08001d25   Thumb Code   140  main.o(i.STM32F103_RCC_Init)
    ST_Task                                  0x08001db1   Thumb Code    76  rrs.o(i.ST_Task)
    SVC_Handler                              0x08001e09   Thumb Code     2  stm32f10x_it.o(i.SVC_Handler)
    SysInit                                  0x08001ef5   Thumb Code    36  main.o(i.SysInit)
    SystemInit                               0x08001f19   Thumb Code    78  system_stm32f10x.o(i.SystemInit)
    TIM1_CC_IRQHandler                       0x080021b9   Thumb Code    44  ir.o(i.TIM1_CC_IRQHandler)
    TIM1_Init                                0x080021ed   Thumb Code   140  tim.o(i.TIM1_Init)
    TIM2_IRQHandler                          0x0800227d   Thumb Code    28  beep.o(i.TIM2_IRQHandler)
    TIM3_IRQHandler                          0x0800229d   Thumb Code   146  rrs.o(i.TIM3_IRQHandler)
    TIM3_Init                                0x08002341   Thumb Code    98  tim.o(i.TIM3_Init)
    TIM_ClearFlag                            0x080023a9   Thumb Code     6  stm32f10x_tim.o(i.TIM_ClearFlag)
    TIM_ClearITPendingBit                    0x080023af   Thumb Code     6  stm32f10x_tim.o(i.TIM_ClearITPendingBit)
    TIM_Cmd                                  0x080023b5   Thumb Code    24  stm32f10x_tim.o(i.TIM_Cmd)
    TIM_GetCapture1                          0x080023cd   Thumb Code     6  stm32f10x_tim.o(i.TIM_GetCapture1)
    TIM_GetITStatus                          0x080023d3   Thumb Code    34  stm32f10x_tim.o(i.TIM_GetITStatus)
    TIM_ICInit                               0x080023f5   Thumb Code   150  stm32f10x_tim.o(i.TIM_ICInit)
    TIM_ITConfig                             0x080024a1   Thumb Code    18  stm32f10x_tim.o(i.TIM_ITConfig)
    TIM_OC1PolarityConfig                    0x080024b3   Thumb Code    18  stm32f10x_tim.o(i.TIM_OC1PolarityConfig)
    TIM_SetCounter                           0x080024c5   Thumb Code     4  stm32f10x_tim.o(i.TIM_SetCounter)
    TIM_SetIC1Prescaler                      0x080024c9   Thumb Code    18  stm32f10x_tim.o(i.TIM_SetIC1Prescaler)
    TIM_SetIC2Prescaler                      0x080024db   Thumb Code    26  stm32f10x_tim.o(i.TIM_SetIC2Prescaler)
    TIM_SetIC3Prescaler                      0x080024f5   Thumb Code    18  stm32f10x_tim.o(i.TIM_SetIC3Prescaler)
    TIM_SetIC4Prescaler                      0x08002507   Thumb Code    26  stm32f10x_tim.o(i.TIM_SetIC4Prescaler)
    TIM_TimeBaseInit                         0x08002521   Thumb Code   122  stm32f10x_tim.o(i.TIM_TimeBaseInit)
    Temperature_Get                          0x080025c5   Thumb Code   110  ntc.o(i.Temperature_Get)
    Temperature_Thread                       0x0800263d   Thumb Code    10  ntc.o(i.Temperature_Thread)
    Temperature_UI                           0x0800264d   Thumb Code    60  menu.o(i.Temperature_UI)
    USART1_IRQHandler                        0x08002689   Thumb Code     2  usart.o(i.USART1_IRQHandler)
    UsageFault_Handler                       0x0800268b   Thumb Code     4  stm32f10x_it.o(i.UsageFault_Handler)
    _is_digit                                0x0800268f   Thumb Code    14  __printf_wp.o(i._is_digit)
    hw_creat_cb                              0x0800269d   Thumb Code    12  led.o(i.hw_creat_cb)
    hw_layer_cb                              0x080026a9   Thumb Code    14  led.o(i.hw_layer_cb)
    hw_port_creat                            0x080026bd   Thumb Code    30  led.o(i.hw_port_creat)
    led_creat                                0x080026e1   Thumb Code    28  led.o(i.led_creat)
    led_drive_implement                      0x080026fd   Thumb Code    44  led.o(i.led_drive_implement)
    main                                     0x08002729   Thumb Code    16  main.o(i.main)
    xDelay_ms                                0x08002739   Thumb Code    18  delay.o(i.xDelay_ms)
    xDelay_us                                0x0800274b   Thumb Code    24  delay.o(i.xDelay_us)
    mon_table                                0x08002762   Data          12  clock.o(.constdata)
    F14x14                                   0x0800276e   Data         672  slcd.o(.constdata)
    F6x8                                     0x08002a0e   Data         552  slcd.o(.constdata)
    F8X16                                    0x08002c36   Data        1152  slcd.o(.constdata)
    Song_F16x16                              0x080030b6   Data         320  slcd.o(.constdata)
    Default_Font16x16                        0x080031f6   Data         160  slcd.o(.constdata)
    Arduino_PIC48x48                         0x08003296   Data         288  slcd.o(.constdata)
    Region$$Table$$Base                      0x0800340c   Number         0  anon$$obj.o(Region$$Table)
    Region$$Table$$Limit                     0x0800342c   Number         0  anon$$obj.o(Region$$Table)
    Beep                                     0x20000000   Data           8  beep.o(.data)
    ADC_ConvertedValue                       0x20000008   Data           2  bsp.o(.data)
    Temperature                              0x2000000c   Data           8  ntc.o(.data)
    ntc                                      0x20000014   Data         160  ntc.o(.data)
    Tasks                                    0x200000b4   Data          80  rrs.o(.data)
    TASK_NUM                                 0x20000104   Data           1  rrs.o(.data)
    wk_p                                     0x20000108   Data          28  clock.o(.data)
    Calendar                                 0x20000124   Data           8  clock.o(.data)
    F16x16                                   0x2000012e   Data         160  slcd.o(.data)
    Seogo_UI32x32                            0x200001ce   Data        2496  slcd.o(.data)
    Menu                                     0x20000b90   Data           8  menu.o(.data)
    ir                                       0x20000b9c   Data          20  ir.o(.bss)
    led                                      0x20000bb0   Data          48  led.o(.bss)
    __libspace_start                         0x20000be0   Data          96  libspace.o(.bss)
    __temporary_stack_top$libspace           0x20000c40   Data           0  libspace.o(.bss)



==============================================================================

Memory Map of the image

  Image Entry point : 0x080000ed

  Load Region LR_IROM1 (Base: 0x08000000, Size: 0x00003fc8, Max: 0x00010000, ABSOLUTE, COMPRESSED[0x00003918])

    Execution Region ER_IROM1 (Base: 0x08000000, Size: 0x0000342c, Max: 0x00010000, ABSOLUTE)

    Base Addr    Size         Type   Attr      Idx    E Section Name        Object

    0x08000000   0x000000ec   Data   RO          132    RESET               startup_stm32f10x_md.o
    0x080000ec   0x00000008   Code   RO         4311  * !!!main             c_w.l(__main.o)
    0x080000f4   0x00000034   Code   RO         4481    !!!scatter          c_w.l(__scatter.o)
    0x08000128   0x00000064   Code   RO         4479    !!dclz77c           c_w.l(__dclz77c.o)
    0x0800018c   0x0000001c   Code   RO         4483    !!handler_zi        c_w.l(__scatter_zi.o)
    0x080001a8   0x00000000   Code   RO         4306    .ARM.Collect$$_printf_percent$$00000000  c_w.l(_printf_percent.o)
    0x080001a8   0x00000006   Code   RO         4305    .ARM.Collect$$_printf_percent$$00000009  c_w.l(_printf_d.o)
    0x080001ae   0x00000006   Code   RO         4304    .ARM.Collect$$_printf_percent$$0000000C  c_w.l(_printf_x.o)
    0x080001b4   0x00000004   Code   RO         4322    .ARM.Collect$$_printf_percent$$00000017  c_w.l(_printf_percent_end.o)
    0x080001b8   0x00000002   Code   RO         4349    .ARM.Collect$$libinit$$00000000  c_w.l(libinit.o)
    0x080001ba   0x00000000   Code   RO         4356    .ARM.Collect$$libinit$$00000002  c_w.l(libinit2.o)
    0x080001ba   0x00000000   Code   RO         4358    .ARM.Collect$$libinit$$00000004  c_w.l(libinit2.o)
    0x080001ba   0x00000000   Code   RO         4361    .ARM.Collect$$libinit$$0000000A  c_w.l(libinit2.o)
    0x080001ba   0x00000000   Code   RO         4363    .ARM.Collect$$libinit$$0000000C  c_w.l(libinit2.o)
    0x080001ba   0x00000000   Code   RO         4365    .ARM.Collect$$libinit$$0000000E  c_w.l(libinit2.o)
    0x080001ba   0x00000000   Code   RO         4368    .ARM.Collect$$libinit$$00000011  c_w.l(libinit2.o)
    0x080001ba   0x00000000   Code   RO         4370    .ARM.Collect$$libinit$$00000013  c_w.l(libinit2.o)
    0x080001ba   0x00000000   Code   RO         4372    .ARM.Collect$$libinit$$00000015  c_w.l(libinit2.o)
    0x080001ba   0x00000000   Code   RO         4374    .ARM.Collect$$libinit$$00000017  c_w.l(libinit2.o)
    0x080001ba   0x00000000   Code   RO         4376    .ARM.Collect$$libinit$$00000019  c_w.l(libinit2.o)
    0x080001ba   0x00000000   Code   RO         4378    .ARM.Collect$$libinit$$0000001B  c_w.l(libinit2.o)
    0x080001ba   0x00000000   Code   RO         4380    .ARM.Collect$$libinit$$0000001D  c_w.l(libinit2.o)
    0x080001ba   0x00000000   Code   RO         4382    .ARM.Collect$$libinit$$0000001F  c_w.l(libinit2.o)
    0x080001ba   0x00000000   Code   RO         4384    .ARM.Collect$$libinit$$00000021  c_w.l(libinit2.o)
    0x080001ba   0x00000000   Code   RO         4386    .ARM.Collect$$libinit$$00000023  c_w.l(libinit2.o)
    0x080001ba   0x00000000   Code   RO         4388    .ARM.Collect$$libinit$$00000025  c_w.l(libinit2.o)
    0x080001ba   0x00000000   Code   RO         4392    .ARM.Collect$$libinit$$0000002C  c_w.l(libinit2.o)
    0x080001ba   0x00000000   Code   RO         4394    .ARM.Collect$$libinit$$0000002E  c_w.l(libinit2.o)
    0x080001ba   0x00000000   Code   RO         4396    .ARM.Collect$$libinit$$00000030  c_w.l(libinit2.o)
    0x080001ba   0x00000000   Code   RO         4398    .ARM.Collect$$libinit$$00000032  c_w.l(libinit2.o)
    0x080001ba   0x00000002   Code   RO         4399    .ARM.Collect$$libinit$$00000033  c_w.l(libinit2.o)
    0x080001bc   0x00000002   Code   RO         4419    .ARM.Collect$$libshutdown$$00000000  c_w.l(libshutdown.o)
    0x080001be   0x00000000   Code   RO         4432    .ARM.Collect$$libshutdown$$00000002  c_w.l(libshutdown2.o)
    0x080001be   0x00000000   Code   RO         4434    .ARM.Collect$$libshutdown$$00000004  c_w.l(libshutdown2.o)
    0x080001be   0x00000000   Code   RO         4437    .ARM.Collect$$libshutdown$$00000007  c_w.l(libshutdown2.o)
    0x080001be   0x00000000   Code   RO         4440    .ARM.Collect$$libshutdown$$0000000A  c_w.l(libshutdown2.o)
    0x080001be   0x00000000   Code   RO         4442    .ARM.Collect$$libshutdown$$0000000C  c_w.l(libshutdown2.o)
    0x080001be   0x00000000   Code   RO         4445    .ARM.Collect$$libshutdown$$0000000F  c_w.l(libshutdown2.o)
    0x080001be   0x00000002   Code   RO         4446    .ARM.Collect$$libshutdown$$00000010  c_w.l(libshutdown2.o)
    0x080001c0   0x00000000   Code   RO         4313    .ARM.Collect$$rtentry$$00000000  c_w.l(__rtentry.o)
    0x080001c0   0x00000000   Code   RO         4324    .ARM.Collect$$rtentry$$00000002  c_w.l(__rtentry2.o)
    0x080001c0   0x00000006   Code   RO         4336    .ARM.Collect$$rtentry$$00000004  c_w.l(__rtentry4.o)
    0x080001c6   0x00000000   Code   RO         4326    .ARM.Collect$$rtentry$$00000009  c_w.l(__rtentry2.o)
    0x080001c6   0x00000004   Code   RO         4327    .ARM.Collect$$rtentry$$0000000A  c_w.l(__rtentry2.o)
    0x080001ca   0x00000000   Code   RO         4329    .ARM.Collect$$rtentry$$0000000C  c_w.l(__rtentry2.o)
    0x080001ca   0x00000008   Code   RO         4330    .ARM.Collect$$rtentry$$0000000D  c_w.l(__rtentry2.o)
    0x080001d2   0x00000002   Code   RO         4353    .ARM.Collect$$rtexit$$00000000  c_w.l(rtexit.o)
    0x080001d4   0x00000000   Code   RO         4401    .ARM.Collect$$rtexit$$00000002  c_w.l(rtexit2.o)
    0x080001d4   0x00000004   Code   RO         4402    .ARM.Collect$$rtexit$$00000003  c_w.l(rtexit2.o)
    0x080001d8   0x00000006   Code   RO         4403    .ARM.Collect$$rtexit$$00000004  c_w.l(rtexit2.o)
    0x080001de   0x00000002   PAD
    0x080001e0   0x00000040   Code   RO          133    .text               startup_stm32f10x_md.o
    0x08000220   0x00000034   Code   RO         4255    .text               c_w.l(noretval__2snprintf.o)
    0x08000254   0x0000004e   Code   RO         4259    .text               c_w.l(_printf_pad.o)
    0x080002a2   0x00000002   PAD
    0x080002a4   0x00000078   Code   RO         4261    .text               c_w.l(_printf_dec.o)
    0x0800031c   0x00000058   Code   RO         4266    .text               c_w.l(_printf_hex_int.o)
    0x08000374   0x00000138   Code   RO         4296    .text               c_w.l(__printf_flags_wp.o)
    0x080004ac   0x0000004e   Code   RO         4307    .text               c_w.l(rt_memclr_w.o)
    0x080004fa   0x00000006   Code   RO         4309    .text               c_w.l(heapauxi.o)
    0x08000500   0x000000b2   Code   RO         4314    .text               c_w.l(_printf_intcommon.o)
    0x080005b2   0x00000002   PAD
    0x080005b4   0x00000030   Code   RO         4316    .text               c_w.l(_printf_char_common.o)
    0x080005e4   0x0000000a   Code   RO         4318    .text               c_w.l(_sputc.o)
    0x080005ee   0x00000010   Code   RO         4320    .text               c_w.l(_snputc.o)
    0x080005fe   0x0000004a   Code   RO         4340    .text               c_w.l(sys_stackheap_outer.o)
    0x08000648   0x00000012   Code   RO         4342    .text               c_w.l(exit.o)
    0x0800065a   0x00000002   PAD
    0x0800065c   0x00000008   Code   RO         4350    .text               c_w.l(libspace.o)
    0x08000664   0x0000000c   Code   RO         4411    .text               c_w.l(sys_exit.o)
    0x08000670   0x00000002   Code   RO         4422    .text               c_w.l(use_no_semi.o)
    0x08000672   0x00000000   Code   RO         4424    .text               c_w.l(indicate_semi.o)
    0x08000672   0x00000016   Code   RO          202    i.ADC_Cmd           stm32f10x_adc.o
    0x08000688   0x00000016   Code   RO          203    i.ADC_DMACmd        stm32f10x_adc.o
    0x0800069e   0x00000002   PAD
    0x080006a0   0x000000e8   Code   RO         3264    i.ADC_DMA_Init      bsp.o
    0x08000788   0x00000024   Code   RO         3265    i.ADC_GPIO_Init     bsp.o
    0x080007ac   0x00000014   Code   RO          210    i.ADC_GetCalibrationStatus  stm32f10x_adc.o
    0x080007c0   0x00000014   Code   RO          216    i.ADC_GetResetCalibrationStatus  stm32f10x_adc.o
    0x080007d4   0x00000050   Code   RO          220    i.ADC_Init          stm32f10x_adc.o
    0x08000824   0x000000b8   Code   RO          224    i.ADC_RegularChannelConfig  stm32f10x_adc.o
    0x080008dc   0x0000000a   Code   RO          225    i.ADC_ResetCalibration  stm32f10x_adc.o
    0x080008e6   0x00000016   Code   RO          227    i.ADC_SoftwareStartConvCmd  stm32f10x_adc.o
    0x080008fc   0x0000000a   Code   RO          229    i.ADC_StartCalibration  stm32f10x_adc.o
    0x08000906   0x00000016   Code   RO         3497    i.Averg_Val         ntc.o
    0x0800091c   0x00000010   Code   RO          420    i.BKP_DeInit        stm32f10x_bkp.o
    0x0800092c   0x0000001c   Code   RO          425    i.BKP_ReadBackupRegister  stm32f10x_bkp.o
    0x08000948   0x0000001c   Code   RO          429    i.BKP_WriteBackupRegister  stm32f10x_bkp.o
    0x08000964   0x00000078   Code   RO         3234    i.Beep_Thread       beep.o
    0x080009dc   0x00000004   Code   RO         4017    i.BusFault_Handler  stm32f10x_it.o
    0x080009e0   0x0000006c   Code   RO         4218    i.Calendar_UI       menu.o
    0x08000a4c   0x00000018   Code   RO          887    i.DMA_Cmd           stm32f10x_dma.o
    0x08000a64   0x0000014c   Code   RO          888    i.DMA_DeInit        stm32f10x_dma.o
    0x08000bb0   0x0000003c   Code   RO          893    i.DMA_Init          stm32f10x_dma.o
    0x08000bec   0x00000002   Code   RO         4018    i.DebugMon_Handler  stm32f10x_it.o
    0x08000bee   0x00000002   PAD
    0x08000bf0   0x0000001c   Code   RO         1028    i.FLASH_PrefetchBufferCmd  stm32f10x_flash.o
    0x08000c0c   0x00000018   Code   RO         1033    i.FLASH_SetLatency  stm32f10x_flash.o
    0x08000c24   0x00000082   Code   RO         3498    i.Find_Tab          ntc.o
    0x08000ca6   0x00000116   Code   RO         1311    i.GPIO_Init         stm32f10x_gpio.o
    0x08000dbc   0x00000090   Code   RO         1313    i.GPIO_PinRemapConfig  stm32f10x_gpio.o
    0x08000e4c   0x00000012   Code   RO         1315    i.GPIO_ReadInputDataBit  stm32f10x_gpio.o
    0x08000e5e   0x00000004   Code   RO         1318    i.GPIO_ResetBits    stm32f10x_gpio.o
    0x08000e62   0x00000004   Code   RO         1319    i.GPIO_SetBits      stm32f10x_gpio.o
    0x08000e66   0x00000076   Code   RO         4074    i.GUI_BMP           slcd.o
    0x08000edc   0x00000048   Code   RO         4076    i.GUI_F16x16        slcd.o
    0x08000f24   0x00000088   Code   RO         4077    i.GUI_F32x32        slcd.o
    0x08000fac   0x00000088   Code   RO         4079    i.GUI_F8x16         slcd.o
    0x08001034   0x00000004   Code   RO         4019    i.HardFault_Handler  stm32f10x_it.o
    0x08001038   0x00000034   Code   RO         3269    i.IR_GPIO_Init      bsp.o
    0x0800106c   0x00000008   Code   RO         3270    i.IR_Init           bsp.o
    0x08001074   0x00000010   Code   RO         3674    i.IR_Thread         ir.o
    0x08001084   0x00000060   Code   RO         3675    i.Ir_CodeAnalyze    ir.o
    0x080010e4   0x00000044   Code   RO         3676    i.Ir_StatusAnalyze  ir.o
    0x08001128   0x00000098   Code   RO         4219    i.Ir_UI             menu.o
    0x080011c0   0x00000104   Code   RO         3677    i.Ir_WaveAnalyze    ir.o
    0x080012c4   0x0000003a   Code   RO         3717    i.Is_LeapYear       clock.o
    0x080012fe   0x00000002   PAD
    0x08001300   0x00000068   Code   RO         3271    i.LED_Init          bsp.o
    0x08001368   0x00000018   Code   RO         3782    i.LED_Thread        led.o
    0x08001380   0x00000014   Code   RO         4081    i.LOGO_BMP          slcd.o
    0x08001394   0x00000004   Code   RO         4020    i.MemManage_Handler  stm32f10x_it.o
    0x08001398   0x000000b0   Code   RO         4220    i.Menu_Thread       menu.o
    0x08001448   0x00000002   Code   RO         4021    i.NMI_Handler       stm32f10x_it.o
    0x0800144a   0x0000000c   Code   RO         3272    i.NTC_Init          bsp.o
    0x08001456   0x00000026   Code   RO         3718    i.NVIC_Configuration  clock.o
    0x0800147c   0x00000070   Code   RO          137    i.NVIC_Init         misc.o
    0x080014ec   0x00000014   Code   RO          138    i.NVIC_PriorityGroupConfig  misc.o
    0x08001500   0x00000040   Code   RO         4082    i.OLED_Clear        slcd.o
    0x08001540   0x0000004c   Code   RO         3273    i.OLED_GPIO_Init    bsp.o
    0x0800158c   0x00000124   Code   RO         4086    i.OLED_Init         slcd.o
    0x080016b0   0x0000002e   Code   RO         4087    i.OLED_SetXY        slcd.o
    0x080016de   0x00000036   Code   RO         4089    i.OLED_ShowStr      slcd.o
    0x08001714   0x00000010   Code   RO         4090    i.OLED_WriteData    slcd.o
    0x08001724   0x0000000c   Code   RO         1665    i.PWR_BackupAccessCmd  stm32f10x_pwr.o
    0x08001730   0x00000002   Code   RO         4022    i.PendSV_Handler    stm32f10x_it.o
    0x08001732   0x00000002   PAD
    0x08001734   0x00000018   Code   RO         1725    i.RCC_ADCCLKConfig  stm32f10x_rcc.o
    0x0800174c   0x00000020   Code   RO         1726    i.RCC_AHBPeriphClockCmd  stm32f10x_rcc.o
    0x0800176c   0x00000020   Code   RO         1727    i.RCC_APB1PeriphClockCmd  stm32f10x_rcc.o
    0x0800178c   0x00000020   Code   RO         1729    i.RCC_APB2PeriphClockCmd  stm32f10x_rcc.o
    0x080017ac   0x0000000c   Code   RO         1732    i.RCC_BackupResetCmd  stm32f10x_rcc.o
    0x080017b8   0x0000000c   Code   RO         1735    i.RCC_ClockSecuritySystemCmd  stm32f10x_rcc.o
    0x080017c4   0x0000004c   Code   RO         1736    i.RCC_DeInit        stm32f10x_rcc.o
    0x08001810   0x0000003c   Code   RO         1738    i.RCC_GetFlagStatus  stm32f10x_rcc.o
    0x0800184c   0x00000010   Code   RO         1740    i.RCC_GetSYSCLKSource  stm32f10x_rcc.o
    0x0800185c   0x00000018   Code   RO         1741    i.RCC_HCLKConfig    stm32f10x_rcc.o
    0x08001874   0x0000004c   Code   RO         1742    i.RCC_HSEConfig     stm32f10x_rcc.o
    0x080018c0   0x00000034   Code   RO         1745    i.RCC_LSEConfig     stm32f10x_rcc.o
    0x080018f4   0x00000018   Code   RO         1748    i.RCC_PCLK1Config   stm32f10x_rcc.o
    0x0800190c   0x00000018   Code   RO         1749    i.RCC_PCLK2Config   stm32f10x_rcc.o
    0x08001924   0x0000000c   Code   RO         1750    i.RCC_PLLCmd        stm32f10x_rcc.o
    0x08001930   0x0000001c   Code   RO         1751    i.RCC_PLLConfig     stm32f10x_rcc.o
    0x0800194c   0x0000000c   Code   RO         1752    i.RCC_RTCCLKCmd     stm32f10x_rcc.o
    0x08001958   0x00000010   Code   RO         1753    i.RCC_RTCCLKConfig  stm32f10x_rcc.o
    0x08001968   0x00000018   Code   RO         1754    i.RCC_SYSCLKConfig  stm32f10x_rcc.o
    0x08001980   0x00000038   Code   RO         1756    i.RCC_WaitForHSEStartUp  stm32f10x_rcc.o
    0x080019b8   0x00000050   Code   RO         3719    i.RTC_Configuration  clock.o
    0x08001a08   0x00000014   Code   RO         1927    i.RTC_EnterConfigMode  stm32f10x_rtc.o
    0x08001a1c   0x00000014   Code   RO         1928    i.RTC_ExitConfigMode  stm32f10x_rtc.o
    0x08001a30   0x000000e0   Code   RO         3720    i.RTC_Get           clock.o
    0x08001b10   0x00000014   Code   RO         1929    i.RTC_GetCounter    stm32f10x_rtc.o
    0x08001b24   0x00000040   Code   RO         3721    i.RTC_Init          clock.o
    0x08001b64   0x000000c8   Code   RO         3722    i.RTC_Set           clock.o
    0x08001c2c   0x0000001c   Code   RO         1935    i.RTC_SetCounter    stm32f10x_rtc.o
    0x08001c48   0x00000020   Code   RO         1936    i.RTC_SetPrescaler  stm32f10x_rtc.o
    0x08001c68   0x00000010   Code   RO         3723    i.RTC_Thread        clock.o
    0x08001c78   0x00000014   Code   RO         1937    i.RTC_WaitForLastTask  stm32f10x_rtc.o
    0x08001c8c   0x00000024   Code   RO         1938    i.RTC_WaitForSynchro  stm32f10x_rtc.o
    0x08001cb0   0x00000002   Code   RO         3984    i.RT_Task           main.o
    0x08001cb2   0x00000002   PAD
    0x08001cb4   0x00000070   Code   RO         4091    i.SPI_Write         slcd.o
    0x08001d24   0x0000008c   Code   RO         3985    i.STM32F103_RCC_Init  main.o
    0x08001db0   0x00000058   Code   RO         3552    i.ST_Task           rrs.o
    0x08001e08   0x00000002   Code   RO         4023    i.SVC_Handler       stm32f10x_it.o
    0x08001e0a   0x00000008   Code   RO           17    i.SetSysClock       system_stm32f10x.o
    0x08001e12   0x00000002   PAD
    0x08001e14   0x000000e0   Code   RO           18    i.SetSysClockTo72   system_stm32f10x.o
    0x08001ef4   0x00000024   Code   RO         3986    i.SysInit           main.o
    0x08001f18   0x00000060   Code   RO           20    i.SystemInit        system_stm32f10x.o
    0x08001f78   0x00000080   Code   RO         2345    i.TI1_Config        stm32f10x_tim.o
    0x08001ff8   0x00000098   Code   RO         2346    i.TI2_Config        stm32f10x_tim.o
    0x08002090   0x00000090   Code   RO         2347    i.TI3_Config        stm32f10x_tim.o
    0x08002120   0x00000098   Code   RO         2348    i.TI4_Config        stm32f10x_tim.o
    0x080021b8   0x00000034   Code   RO         3678    i.TIM1_CC_IRQHandler  ir.o
    0x080021ec   0x00000090   Code   RO         3611    i.TIM1_Init         tim.o
    0x0800227c   0x00000020   Code   RO         3235    i.TIM2_IRQHandler   beep.o
    0x0800229c   0x000000a4   Code   RO         3553    i.TIM3_IRQHandler   rrs.o
    0x08002340   0x00000068   Code   RO         3613    i.TIM3_Init         tim.o
    0x080023a8   0x00000006   Code   RO         2355    i.TIM_ClearFlag     stm32f10x_tim.o
    0x080023ae   0x00000006   Code   RO         2356    i.TIM_ClearITPendingBit  stm32f10x_tim.o
    0x080023b4   0x00000018   Code   RO         2361    i.TIM_Cmd           stm32f10x_tim.o
    0x080023cc   0x00000006   Code   RO         2376    i.TIM_GetCapture1   stm32f10x_tim.o
    0x080023d2   0x00000022   Code   RO         2382    i.TIM_GetITStatus   stm32f10x_tim.o
    0x080023f4   0x000000ac   Code   RO         2384    i.TIM_ICInit        stm32f10x_tim.o
    0x080024a0   0x00000012   Code   RO         2386    i.TIM_ITConfig      stm32f10x_tim.o
    0x080024b2   0x00000012   Code   RO         2392    i.TIM_OC1PolarityConfig  stm32f10x_tim.o
    0x080024c4   0x00000004   Code   RO         2426    i.TIM_SetCounter    stm32f10x_tim.o
    0x080024c8   0x00000012   Code   RO         2427    i.TIM_SetIC1Prescaler  stm32f10x_tim.o
    0x080024da   0x0000001a   Code   RO         2428    i.TIM_SetIC2Prescaler  stm32f10x_tim.o
    0x080024f4   0x00000012   Code   RO         2429    i.TIM_SetIC3Prescaler  stm32f10x_tim.o
    0x08002506   0x0000001a   Code   RO         2430    i.TIM_SetIC4Prescaler  stm32f10x_tim.o
    0x08002520   0x000000a4   Code   RO         2432    i.TIM_TimeBaseInit  stm32f10x_tim.o
    0x080025c4   0x00000078   Code   RO         3499    i.Temperature_Get   ntc.o
    0x0800263c   0x00000010   Code   RO         3500    i.Temperature_Thread  ntc.o
    0x0800264c   0x0000003c   Code   RO         4221    i.Temperature_UI    menu.o
    0x08002688   0x00000002   Code   RO         3635    i.USART1_IRQHandler  usart.o
    0x0800268a   0x00000004   Code   RO         4024    i.UsageFault_Handler  stm32f10x_it.o
    0x0800268e   0x0000000e   Code   RO         4294    i._is_digit         c_w.l(__printf_wp.o)
    0x0800269c   0x0000000c   Code   RO         3783    i.hw_creat_cb       led.o
    0x080026a8   0x00000014   Code   RO         3784    i.hw_layer_cb       led.o
    0x080026bc   0x00000024   Code   RO         3785    i.hw_port_creat     led.o
    0x080026e0   0x0000001c   Code   RO         3786    i.led_creat         led.o
    0x080026fc   0x0000002c   Code   RO         3787    i.led_drive_implement  led.o
    0x08002728   0x00000010   Code   RO         3987    i.main              main.o
    0x08002738   0x00000012   Code   RO         3367    i.xDelay_ms         delay.o
    0x0800274a   0x00000018   Code   RO         3368    i.xDelay_us         delay.o
    0x08002762   0x0000000c   Data   RO         3724    .constdata          clock.o
    0x0800276e   0x00000c48   Data   RO         4093    .constdata          slcd.o
    0x080033b6   0x00000028   Data   RO         4267    .constdata          c_w.l(_printf_hex_int.o)
    0x080033de   0x00000011   Data   RO         4297    .constdata          c_w.l(__printf_flags_wp.o)
    0x080033ef   0x00000001   PAD
    0x080033f0   0x0000001c   Data   RO         3725    .conststring        clock.o
    0x0800340c   0x00000020   Data   RO         4477    Region$$Table       anon$$obj.o


    Execution Region RW_IRAM1 (Base: 0x20000000, Size: 0x00001240, Max: 0x00005000, ABSOLUTE, COMPRESSED[0x000004ec])

    Base Addr    Size         Type   Attr      Idx    E Section Name        Object

    0x20000000   0x00000008   Data   RW         3236    .data               beep.o
    0x20000008   0x00000002   Data   RW         3277    .data               bsp.o
    0x2000000a   0x00000002   PAD
    0x2000000c   0x000000a8   Data   RW         3501    .data               ntc.o
    0x200000b4   0x00000053   Data   RW         3554    .data               rrs.o
    0x20000107   0x00000001   PAD
    0x20000108   0x00000026   Data   RW         3726    .data               clock.o
    0x2000012e   0x00000a62   Data   RW         4094    .data               slcd.o
    0x20000b90   0x00000009   Data   RW         4222    .data               menu.o
    0x20000b99   0x00000003   PAD
    0x20000b9c   0x00000014   Zero   RW         3679    .bss                ir.o
    0x20000bb0   0x00000030   Zero   RW         3788    .bss                led.o
    0x20000be0   0x00000060   Zero   RW         4351    .bss                c_w.l(libspace.o)
    0x20000c40   0x00000200   Zero   RW          131    HEAP                startup_stm32f10x_md.o
    0x20000e40   0x00000400   Zero   RW          130    STACK               startup_stm32f10x_md.o


==============================================================================

Image component sizes


      Code (inc. data)   RO Data    RW Data    ZI Data      Debug   Object Name

         0          0          0          0          0     213530   at24cxx.o
       152         10          0          8          0       2611   beep.o
       520         40          0          2          0       3892   bsp.o
       680         44         40         38          0       5441   clock.o
         0          0          0          0          0       4524   core_cm3.o
        42          0          0          0          0       1032   delay.o
       492         32          0          0         20       4153   ir.o
       164         18          0          0         48       4401   led.o
       194          0          0          0          0       1896   main.o
       496         68          0          9          0       3112   menu.o
       132         22          0          0          0     213935   misc.o
       288         16          0        168          0       5722   ntc.o
       252         30          0         83          0       2284   rrs.o
      1066         24       3144       2658          0       9155   slcd.o
        64         26        236          0       1536        812   startup_stm32f10x_md.o
       390         10          0          0          0       7297   stm32f10x_adc.o
        72         10          0          0          0       2640   stm32f10x_bkp.o
       416          8          0          0          0       3370   stm32f10x_dma.o
        52         12          0          0          0       1081   stm32f10x_flash.o
       448          6          0          0          0       4434   stm32f10x_gpio.o
        24          0          0          0          0       3580   stm32f10x_it.o
        12          6          0          0          0        502   stm32f10x_pwr.o
       644        112          0          0          0      13042   stm32f10x_rcc.o
       176         34          0          0          0       3467   stm32f10x_rtc.o
      1116        150          0          0          0      11538   stm32f10x_tim.o
       328         28          0          0          0      49205   system_stm32f10x.o
       248         10          0          0          0       1220   tim.o
         2          0          0          0          0        440   usart.o

    ----------------------------------------------------------------------
      8482        716       3452       2972       1604     578316   Object Totals
         0          0         32          0          0          0   (incl. Generated)
        12          0          0          6          0          0   (incl. Padding)

    ----------------------------------------------------------------------

      Code (inc. data)   RO Data    RW Data    ZI Data      Debug   Library Member Name

       100          0          0          0          0          0   __dclz77c.o
         8          0          0          0          0         68   __main.o
       312          4         17          0          0         92   __printf_flags_wp.o
        14          0          0          0          0         68   __printf_wp.o
         0          0          0          0          0          0   __rtentry.o
        12          0          0          0          0          0   __rtentry2.o
         6          0          0          0          0          0   __rtentry4.o
        52          8          0          0          0          0   __scatter.o
        28          0          0          0          0          0   __scatter_zi.o
        48          6          0          0          0         96   _printf_char_common.o
         6          0          0          0          0          0   _printf_d.o
       120         16          0          0          0         92   _printf_dec.o
        88          4         40          0          0         88   _printf_hex_int.o
       178          0          0          0          0         88   _printf_intcommon.o
        78          0          0          0          0        108   _printf_pad.o
         0          0          0          0          0          0   _printf_percent.o
         4          0          0          0          0          0   _printf_percent_end.o
         6          0          0          0          0          0   _printf_x.o
        16          0          0          0          0         68   _snputc.o
        10          0          0          0          0         68   _sputc.o
        18          0          0          0          0         80   exit.o
         6          0          0          0          0        152   heapauxi.o
         0          0          0          0          0          0   indicate_semi.o
         2          0          0          0          0          0   libinit.o
         2          0          0          0          0          0   libinit2.o
         2          0          0          0          0          0   libshutdown.o
         2          0          0          0          0          0   libshutdown2.o
         8          4          0          0         96         68   libspace.o
        52          4          0          0          0         84   noretval__2snprintf.o
        78          0          0          0          0         80   rt_memclr_w.o
         2          0          0          0          0          0   rtexit.o
        10          0          0          0          0          0   rtexit2.o
        12          4          0          0          0         68   sys_exit.o
        74          0          0          0          0         80   sys_stackheap_outer.o
         2          0          0          0          0         68   use_no_semi.o

    ----------------------------------------------------------------------
      1364         50         58          0         96       1516   Library Totals
         8          0          1          0          0          0   (incl. Padding)

    ----------------------------------------------------------------------

      Code (inc. data)   RO Data    RW Data    ZI Data      Debug   Library Name

      1356         50         57          0         96       1516   c_w.l

    ----------------------------------------------------------------------
      1364         50         58          0         96       1516   Library Totals

    ----------------------------------------------------------------------

==============================================================================


      Code (inc. data)   RO Data    RW Data    ZI Data      Debug   

      9846        766       3510       2972       1700     572236   Grand Totals
      9846        766       3510       1260       1700     572236   ELF Image Totals (compressed)
      9846        766       3510       1260          0          0   ROM Totals

==============================================================================

    Total RO  Size (Code + RO Data)                13356 (  13.04kB)
    Total RW  Size (RW Data + ZI Data)              4672 (   4.56kB)
    Total ROM Size (Code + RO Data + RW Data)      14616 (  14.27kB)

==============================================================================

