<html>
<body>
<pre>
<h1>礦ision Build Log</h1>
<h2>Tool Versions:</h2>
IDE-Version: μVision V5.20.0.0
Copyright (C) 2016 ARM Ltd and ARM Germany GmbH. All rights reserved.
License Information: 123 123, 123, LIC=76FZ9-4V48F-DXGU3-AZSDC-2IWF7-4B5RE
 
Tool Versions:
Toolchain:       MDK-ARM Plus  Version: 5.20
Toolchain Path:  D:\ARM\ARMCC\Bin
C Compiler:      Armcc.exe V5.06 update 2 (build 183)
Assembler:       Armasm.exe V5.06 update 2 (build 183)
Linker/Locator:  ArmLink.exe V5.06 update 2 (build 183)
Library Manager: ArmAr.exe V5.06 update 2 (build 183)
Hex Converter:   FromElf.exe V5.06 update 2 (build 183)
CPU DLL:         SARMCM3.DLL V5.20
Dialog DLL:      DCM.DLL V1.13.7.0
Target DLL:      STLink\ST-LINKIII-KEIL_SWO.dll V2.0.18.0
Dialog DLL:      TCM.DLL V1.14.9.0
 
<h2>Project:</h2>
C:\Users\shion\Desktop\SDB\STM32自开发测试板程序【SDB】20190615\SDB-BASE\STM32_Demo.uvprojx
Project File Date:  06/15/2019

<h2>Output:</h2>
*** Using Compiler 'V5.06 update 2 (build 183)', folder: 'D:\ARM\ARMCC\Bin'
Build target 'SDB'
compiling ir.c...
compiling ntc.c...
compiling clock.c...
compiling main.c...
compiling menu.c...
compiling slcd.c...
linking...
Program Size: Code=9846 RO-data=3510 RW-data=2972 ZI-data=1700  
FromELF: creating hex file...
".\Objects\SDB_V1^0.axf" - 0 Error(s), 0 Warning(s).

<h2>Collection of Component include folders:</h2>
  C:\Users\shion\Desktop\SDB\STM32自开发测试板程序【SDB】20190615\SDB-BASE\RTE
  D:\ARM\PACK\Keil\STM32F1xx_DFP\2.2.0\Device\Include

<h2>Collection of Component Files used:</h2>
Build Time Elapsed:  00:00:03
</pre>
</body>
</html>
